Component: ARM Compiler 5.06 update 5 (build 528) Tool: armlink [4d35e2]

==============================================================================

Section Cross References

    system_stm32f10x.o(.text) refers to system_stm32f10x.o(.data) for SystemCoreClock
    startup_stm32f10x_md.o(STACK) refers (Special) to heapauxi.o(.text) for __use_two_region_memory
    startup_stm32f10x_md.o(HEAP) refers (Special) to heapauxi.o(.text) for __use_two_region_memory
    startup_stm32f10x_md.o(RESET) refers (Special) to heapauxi.o(.text) for __use_two_region_memory
    startup_stm32f10x_md.o(RESET) refers to startup_stm32f10x_md.o(STACK) for __initial_sp
    startup_stm32f10x_md.o(RESET) refers to startup_stm32f10x_md.o(.text) for Reset_Handler
    startup_stm32f10x_md.o(RESET) refers to exti.o(.text) for EXTI9_5_IRQHandler
    startup_stm32f10x_md.o(RESET) refers to timer.o(.text) for TIM3_IRQHandler
    startup_stm32f10x_md.o(RESET) refers to usart1.o(.text) for USART1_IRQHandler
    startup_stm32f10x_md.o(.text) refers (Special) to heapauxi.o(.text) for __use_two_region_memory
    startup_stm32f10x_md.o(.text) refers to system_stm32f10x.o(.text) for SystemInit
    startup_stm32f10x_md.o(.text) refers to __main.o(!!!main) for __main
    startup_stm32f10x_md.o(.text) refers to startup_stm32f10x_md.o(HEAP) for Heap_Mem
    startup_stm32f10x_md.o(.text) refers to startup_stm32f10x_md.o(STACK) for Stack_Mem
    delay.o(.text) refers to misc.o(.text) for SysTick_CLKSourceConfig
    delay.o(.text) refers to system_stm32f10x.o(.data) for SystemCoreClock
    delay.o(.text) refers to delay.o(.data) for fac_us
    sys.o(.text) refers to misc.o(.text) for NVIC_PriorityGroupConfig
    stm32f10x_gpio.o(.text) refers to stm32f10x_rcc.o(.text) for RCC_APB2PeriphResetCmd
    stm32f10x_rcc.o(.text) refers to stm32f10x_rcc.o(.data) for APBAHBPrescTable
    stm32f10x_usart.o(.text) refers to stm32f10x_rcc.o(.text) for RCC_APB2PeriphResetCmd
    main.o(.text) refers to lcd1602.o(.text) for WriteCommand
    main.o(.text) refers to usart1.o(.text) for u1_printf
    main.o(.text) refers to delay.o(.text) for delay_ms
    main.o(.text) refers to stm32f10x_gpio.o(.text) for GPIO_Init
    main.o(.text) refers to stm32f10x_rcc.o(.text) for RCC_APB2PeriphClockCmd
    main.o(.text) refers to timer.o(.text) for TIM3_Int_Init
    main.o(.text) refers to sys.o(.text) for NVIC_Configuration
    main.o(.text) refers to rc522.o(.text) for RC522_Init
    main.o(.text) refers to dflt_clz.o(x$fpl$dfltu) for __aeabi_ui2d
    main.o(.text) refers to ddiv.o(x$fpl$ddiv) for __aeabi_ddiv
    main.o(.text) refers to dmul.o(x$fpl$dmul) for __aeabi_dmul
    main.o(.text) refers to dfixu.o(x$fpl$dfixu) for __aeabi_d2uiz
    main.o(.text) refers to main.o(.data) for Dis1
    main.o(.text) refers to timer.o(.data) for Second
    main.o(.text) refers to rt_memclr.o(.text) for __aeabi_memclr
    main.o(.text) refers to strstr.o(.text) for strstr
    main.o(.text) refers to usart1.o(.data) for Usart1_RxCounter
    main.o(.text) refers to usart1.o(.bss) for Usart1_RxBuff
    lcd1602.o(.text) refers to stm32f10x_gpio.o(.text) for GPIO_Init
    timer.o(.text) refers to stm32f10x_rcc.o(.text) for RCC_APB1PeriphClockCmd
    timer.o(.text) refers to stm32f10x_tim.o(.text) for TIM_TimeBaseInit
    timer.o(.text) refers to misc.o(.text) for NVIC_Init
    timer.o(.text) refers to timer.o(.data) for num
    stm32f10x_tim.o(.text) refers to stm32f10x_rcc.o(.text) for RCC_APB2PeriphResetCmd
    rc522.o(.text) refers to stm32f10x_gpio.o(.text) for GPIO_Init
    rc522.o(.text) refers to delay.o(.text) for delay_us
    rc522.o(.text) refers to rc522.o(.data) for Card_Num
    exti.o(.text) refers to stm32f10x_rcc.o(.text) for RCC_APB2PeriphClockCmd
    exti.o(.text) refers to stm32f10x_gpio.o(.text) for GPIO_Init
    exti.o(.text) refers to stm32f10x_exti.o(.text) for EXTI_ClearITPendingBit
    exti.o(.text) refers to misc.o(.text) for NVIC_PriorityGroupConfig
    exti.o(.text) refers to delay.o(.text) for delay_ms
    stmflash.o(.text) refers to stm32f10x_flash.o(.text) for FLASH_ProgramHalfWord
    stmflash.o(.text) refers to stmflash.o(.bss) for STMFLASH_BUF
    24cxx.o(.text) refers to myiic.o(.text) for IIC_Init
    24cxx.o(.text) refers to delay.o(.text) for delay_ms
    myiic.o(.text) refers to stm32f10x_gpio.o(.text) for GPIO_Init
    myiic.o(.text) refers to stm32f10x_rcc.o(.text) for RCC_APB2PeriphClockCmd
    myiic.o(.text) refers to delay.o(.text) for delay_us
    usart1.o(.text) refers to misc.o(.text) for NVIC_PriorityGroupConfig
    usart1.o(.text) refers to stm32f10x_rcc.o(.text) for RCC_APB2PeriphClockCmd
    usart1.o(.text) refers to stm32f10x_gpio.o(.text) for GPIO_Init
    usart1.o(.text) refers to stm32f10x_usart.o(.text) for USART_Init
    usart1.o(.text) refers to vsprintf.o(.text) for vsprintf
    usart1.o(.text) refers to strlen.o(.text) for strlen
    usart1.o(.text) refers to usart1.o(.bss) for Usart1_TxBuff
[...]
    .text                                    0x08002f18   Section        0  lcd1602.o(.text)
    .text                                    0x080031b4   Section        0  timer.o(.text)
    .text                                    0x08003294   Section        0  stm32f10x_tim.o(.text)
    TI4_Config                               0x0800373b   Thumb Code   130  stm32f10x_tim.o(.text)
    TI3_Config                               0x080037cf   Thumb Code   122  stm32f10x_tim.o(.text)
    TI2_Config                               0x08003863   Thumb Code   130  stm32f10x_tim.o(.text)
    TI1_Config                               0x080038f7   Thumb Code   108  stm32f10x_tim.o(.text)
    .text                                    0x080040b0   Section        0  rc522.o(.text)
    RC522_GPIO_Init                          0x080040b1   Thumb Code    58  rc522.o(.text)
    .text                                    0x0800472c   Section        0  exti.o(.text)
    .text                                    0x080047b8   Section        0  stm32f10x_exti.o(.text)
    .text                                    0x080048d4   Section        0  usart1.o(.text)
    .text                                    0x08004ab4   Section        0  vsprintf.o(.text)
    .text                                    0x08004ad8   Section        0  strstr.o(.text)
    .text                                    0x08004afc   Section        0  strlen.o(.text)
    .text                                    0x08004b3a   Section       68  rt_memclr.o(.text)
    .text                                    0x08004b7e   Section        0  heapauxi.o(.text)
    .text                                    0x08004b84   Section        0  _printf_pad.o(.text)
    .text                                    0x08004bd2   Section        0  _printf_truncate.o(.text)
    .text                                    0x08004bf6   Section        0  _printf_str.o(.text)
    .text                                    0x08004c48   Section        0  _printf_dec.o(.text)
    .text                                    0x08004cc0   Section        0  _printf_charcount.o(.text)
    .text                                    0x08004ce8   Section        0  _printf_char_common.o(.text)
    _printf_input_char                       0x08004ce9   Thumb Code    10  _printf_char_common.o(.text)
    .text                                    0x08004d18   Section        0  _sputc.o(.text)
    .text                                    0x08004d24   Section        0  _printf_wctomb.o(.text)
    .text                                    0x08004de0   Section        0  _printf_longlong_dec.o(.text)
    .text                                    0x08004e5c   Section        0  _printf_oct_int_ll.o(.text)
    _printf_longlong_oct_internal            0x08004e5d   Thumb Code     0  _printf_oct_int_ll.o(.text)
    .text                                    0x08004ecc   Section        0  _printf_hex_int_ll_ptr.o(.text)
    _printf_hex_common                       0x08004ecd   Thumb Code     0  _printf_hex_int_ll_ptr.o(.text)
    .text                                    0x08004f60   Section        0  __printf_flags_ss_wp.o(.text)
    .text                                    0x080050e8   Section       78  rt_memclr_w.o(.text)
    .text                                    0x08005136   Section      138  lludiv10.o(.text)
    .text                                    0x080051c0   Section        0  _printf_intcommon.o(.text)
    .text                                    0x08005272   Section        0  _printf_fp_dec.o(.text)
    _fp_digits                               0x08005275   Thumb Code   432  _printf_fp_dec.o(.text)
    .text                                    0x08005690   Section        0  _printf_fp_hex.o(.text)
    .text                                    0x0800598c   Section        0  _printf_char.o(.text)
    .text                                    0x080059b8   Section        0  _printf_wchar.o(.text)
    .text                                    0x080059e4   Section        0  _wcrtomb.o(.text)
    .text                                    0x08005a24   Section       74  sys_stackheap_outer.o(.text)
    .text                                    0x08005a70   Section       16  rt_ctype_table.o(.text)
    .text                                    0x08005a80   Section        8  rt_locale_intlibspace.o(.text)
    .text                                    0x08005a88   Section        0  _printf_fp_infnan.o(.text)
    .text                                    0x08005b08   Section        0  bigflt0.o(.text)
    .text                                    0x08005bec   Section        0  exit.o(.text)
    .text                                    0x08005c00   Section        8  libspace.o(.text)
    .text                                    0x08005c08   Section      128  strcmpv7m.o(.text)
    .text                                    0x08005c88   Section        0  sys_exit.o(.text)
    .text                                    0x08005c94   Section        2  use_no_semi.o(.text)
    .text                                    0x08005c96   Section        0  indicate_semi.o(.text)
    CL$$btod_d2e                             0x08005c96   Section       62  btod.o(CL$$btod_d2e)
    CL$$btod_d2e_denorm_low                  0x08005cd4   Section       70  btod.o(CL$$btod_d2e_denorm_low)
    CL$$btod_d2e_norm_op1                    0x08005d1a   Section       96  btod.o(CL$$btod_d2e_norm_op1)
    CL$$btod_div_common                      0x08005d7a   Section      824  btod.o(CL$$btod_div_common)
    CL$$btod_e2e                             0x080060b2   Section      220  btod.o(CL$$btod_e2e)
    CL$$btod_ediv                            0x0800618e   Section       42  btod.o(CL$$btod_ediv)
    CL$$btod_emul                            0x080061b8   Section       42  btod.o(CL$$btod_emul)
    CL$$btod_mult_common                     0x080061e2   Section      580  btod.o(CL$$btod_mult_common)
    i.__ARM_fpclassify                       0x08006426   Section        0  fpclassify.o(i.__ARM_fpclassify)
    i._is_digit                              0x0800644e   Section        0  __printf_wp.o(i._is_digit)
    locale$$code                             0x0800645c   Section       44  lc_numeric_c.o(locale$$code)
    locale$$code                             0x08006488   Section       44  lc_ctype_c.o(locale$$code)
    x$fpl$ddiv                               0x080064b4   Section      688  ddiv.o(x$fpl$ddiv)
    ddiv_entry                               0x080064bb   Thumb Code     0  ddiv.o(x$fpl$ddiv)
    x$fpl$dfixu                              0x08006764   Section       90  dfixu.o(x$fpl$dfixu)
    x$fpl$dfltu                              0x080067be   Section       38  dflt_clz.o(x$fpl$dfltu)
    x$fpl$dmul                               0x080067e4   Section      340  dmul.o(x$fpl$dmul)
    x$fpl$dnaninf                            0x08006938   Section      156  dnaninf.o(x$fpl$dnaninf)
    x$fpl$dretinf                            0x080069d4   Section       12  dretinf.o(x$fpl$dretinf)
    x$fpl$printf1                            0x080069e0   Section        4  printf1.o(x$fpl$printf1)
    x$fpl$printf2                            0x080069e4   Section        4  printf2.o(x$fpl$printf2)
    .constdata                               0x080069e8   Section        8  _printf_wctomb.o(.constdata)
    x$fpl$usenofp                            0x080069e8   Section        0  usenofp.o(x$fpl$usenofp)
    initial_mbstate                          0x080069e8   Data           8  _printf_wctomb.o(.constdata)
    .constdata                               0x080069f0   Section       40  _printf_hex_int_ll_ptr.o(.constdata)
    uc_hextab                                0x080069f0   Data          20  _printf_hex_int_ll_ptr.o(.constdata)
    lc_hextab                                0x08006a04   Data          20  _printf_hex_int_ll_ptr.o(.constdata)
    .constdata                               0x08006a18   Section       17  __printf_flags_ss_wp.o(.constdata)
    maptable                                 0x08006a18   Data          17  __printf_flags_ss_wp.o(.constdata)
    .constdata                               0x08006a29   Section       38  _printf_fp_hex.o(.constdata)
    lc_hextab                                0x08006a29   Data          19  _printf_fp_hex.o(.constdata)
    uc_hextab                                0x08006a3c   Data          19  _printf_fp_hex.o(.constdata)
    .constdata                               0x08006a50   Section      148  bigflt0.o(.constdata)
    tenpwrs_x                                0x08006a50   Data          60  bigflt0.o(.constdata)
    tenpwrs_i                                0x08006a8c   Data          64  bigflt0.o(.constdata)
    locale$$data                             0x08006b04   Section       28  lc_numeric_c.o(locale$$data)
    __lcnum_c_name                           0x08006b08   Data           2  lc_numeric_c.o(locale$$data)
    __lcnum_c_start                          0x08006b10   Data           0  lc_numeric_c.o(locale$$data)
    __lcnum_c_point                          0x08006b1c   Data           0  lc_numeric_c.o(locale$$data)
    __lcnum_c_thousands                      0x08006b1e   Data           0  lc_numeric_c.o(locale$$data)
    __lcnum_c_grouping                       0x08006b1f   Data           0  lc_numeric_c.o(locale$$data)
    locale$$data                             0x08006b20   Section      272  lc_ctype_c.o(locale$$data)
    __lcnum_c_end                            0x08006b20   Data           0  lc_numeric_c.o(locale$$data)
    __lcctype_c_name                         0x08006b24   Data           2  lc_ctype_c.o(locale$$data)
    __lcctype_c_start                        0x08006b2c   Data           0  lc_ctype_c.o(locale$$data)
    __lcctype_c_end                          0x08006c30   Data           0  lc_ctype_c.o(locale$$data)
    .data                                    0x20000000   Section       20  system_stm32f10x.o(.data)
    .data                                    0x20000014   Section        4  delay.o(.data)
    fac_us                                   0x20000014   Data           1  delay.o(.data)
    fac_ms                                   0x20000016   Data           2  delay.o(.data)
    .data                                    0x20000018   Section       20  stm32f10x_rcc.o(.data)
    APBAHBPrescTable                         0x20000018   Data          16  stm32f10x_rcc.o(.data)
    ADCPrescTable                            0x20000028   Data           4  stm32f10x_rcc.o(.data)
    .data                                    0x2000002c   Section      274  main.o(.data)
    .data                                    0x2000013e   Section       13  timer.o(.data)
    num                                      0x2000014a   Data           1  timer.o(.data)
    .data                                    0x2000014b   Section        1  rc522.o(.data)
    .data                                    0x2000014c   Section       10  usart1.o(.data)
    rx_index                                 0x20000154   Data           2  usart1.o(.data)
    .bss                                     0x20000158   Section     2048  usart1.o(.bss)
    .bss                                     0x20000958   Section       96  libspace.o(.bss)
    HEAP                                     0x200009b8   Section      512  startup_stm32f10x_md.o(HEAP)
    Heap_Mem                                 0x200009b8   Data         512  startup_stm32f10x_md.o(HEAP)
    STACK                                    0x20000bb8   Section     1024  startup_stm32f10x_md.o(STACK)
    Stack_Mem                                0x20000bb8   Data        1024  startup_stm32f10x_md.o(STACK)
    __initial_sp                             0x20000fb8   Data           0  startup_stm32f10x_md.o(STACK)

    Global Symbols

    Symbol Name                              Value     Ov Type        Size  Object(Section)

    BuildAttributes$$THM_ISAv4$P$D$K$B$S$PE$A:L22UL41UL21$X:L11$S22US41US21$IEEE1$IW$USESV6$~STKCKD$USESV7$~SHL$OTIME$ROPI$IEEEJ$EBA8$UX$STANDARDLIB$REQ8$PRES8$EABIv2 0x00000000   Number         0  anon$$obj.o ABSOLUTE
    __ARM_use_no_argv                        0x00000000   Number         0  main.o ABSOLUTE
    _printf_flags                            0x00000000   Number         0  printf_stubs.o ABSOLUTE
    _printf_return_value                     0x00000000   Number         0  printf_stubs.o ABSOLUTE
    _printf_sizespec                         0x00000000   Number         0  printf_stubs.o ABSOLUTE
    _printf_widthprec                        0x00000000   Number         0  printf_stubs.o ABSOLUTE
    __ARM_exceptions_init                     - Undefined Weak Reference
    __alloca_initialize                       - Undefined Weak Reference
    __arm_preinit_                            - Undefined Weak Reference
    __cpp_initialize__aeabi_                  - Undefined Weak Reference
    __cxa_finalize                            - Undefined Weak Reference
    __sigvec_lookup                           - Undefined Weak Reference
    _atexit_init                              - Undefined Weak Reference
    _call_atexit_fns                          - Undefined Weak Reference
    _clock_init                               - Undefined Weak Reference
    _fp_trap_init                             - Undefined Weak Reference
    _fp_trap_shutdown                         - Undefined Weak Reference
    _get_lc_collate                           - Undefined Weak Reference
    _get_lc_monetary                          - Undefined Weak Reference
    _get_lc_time                              - Undefined Weak Reference
    _getenv_init                              - Undefined Weak Reference
    _handle_redirection                       - Undefined Weak Reference
    _init_alloc                               - Undefined Weak Reference
    _init_user_alloc                          - Undefined Weak Reference
    _initio                                   - Undefined Weak Reference
    _printf_mbtowc                            - Undefined Weak Reference
    _printf_wc                                - Undefined Weak Reference
    _rand_init                                - Undefined Weak Reference
    _signal_finish                            - Undefined Weak Reference
    _signal_init                              - Undefined Weak Reference
    _terminate_alloc                          - Undefined Weak Reference
    _terminate_user_alloc                     - Undefined Weak Reference
    _terminateio                              - Undefined Weak Reference
    __Vectors_Size                           0x000000ec   Number         0  startup_stm32f10x_md.o ABSOLUTE
    __Vectors                                0x08000000   Data           4  startup_stm32f10x_md.o(RESET)
    __Vectors_End                            0x080000ec   Data           0  startup_stm32f10x_md.o(RESET)
    __main                                   0x080000ed   Thumb Code     8  __main.o(!!!main)
    __scatterload                            0x080000f5   Thumb Code     0  __scatter.o(!!!scatter)
    __scatterload_rt2                        0x080000f5   Thumb Code    44  __scatter.o(!!!scatter)
    __scatterload_rt2_thumb_only             0x080000f5   Thumb Code     0  __scatter.o(!!!scatter)
    __scatterload_null                       0x08000103   Thumb Code     0  __scatter.o(!!!scatter)
    __decompress                             0x08000129   Thumb Code    90  __dczerorl2.o(!!dczerorl2)
    __decompress1                            0x08000129   Thumb Code     0  __dczerorl2.o(!!dczerorl2)
    __scatterload_zeroinit                   0x08000185   Thumb Code    28  __scatter_zi.o(!!handler_zi)
    _printf_n                                0x080001a1   Thumb Code     0  _printf_n.o(.ARM.Collect$$_printf_percent$$00000001)
    _printf_percent                          0x080001a1   Thumb Code     0  _printf_percent.o(.ARM.Collect$$_printf_percent$$00000000)
    _printf_p                                0x080001a7   Thumb Code     0  _printf_p.o(.ARM.Collect$$_printf_percent$$00000002)
    _printf_f                                0x080001ad   Thumb Code     0  _printf_f.o(.ARM.Collect$$_printf_percent$$00000003)
    _printf_e                                0x080001b3   Thumb Code     0  _printf_e.o(.ARM.Collect$$_printf_percent$$00000004)
    _printf_g                                0x080001b9   Thumb Code     0  _printf_g.o(.ARM.Collect$$_printf_percent$$00000005)
    _printf_a                                0x080001bf   Thumb Code     0  _printf_a.o(.ARM.Collect$$_printf_percent$$00000006)
    _printf_ll                               0x080001c5   Thumb Code     0  _printf_ll.o(.ARM.Collect$$_printf_percent$$00000007)
    _printf_i                                0x080001cf   Thumb Code     0  _printf_i.o(.ARM.Collect$$_printf_percent$$00000008)
    _printf_d                                0x080001d5   Thumb Code     0  _printf_d.o(.ARM.Collect$$_printf_percent$$00000009)
    _printf_u                                0x080001db   Thumb Code     0  _printf_u.o(.ARM.Collect$$_printf_percent$$0000000A)
    _printf_o                                0x080001e1   Thumb Code     0  _printf_o.o(.ARM.Collect$$_printf_percent$$0000000B)
    _printf_x                                0x080001e7   Thumb Code     0  _printf_x.o(.ARM.Collect$$_printf_percent$$0000000C)
    _printf_lli                              0x080001ed   Thumb Code     0  _printf_lli.o(.ARM.Collect$$_printf_percent$$0000000D)
    _printf_lld                              0x080001f3   Thumb Code     0  _printf_lld.o(.ARM.Collect$$_printf_percent$$0000000E)
    _printf_llu                              0x080001f9   Thumb Code     0  _printf_llu.o(.ARM.Collect$$_printf_percent$$0000000F)
    _printf_llo                              0x080001ff   Thumb Code     0  _printf_llo.o(.ARM.Collect$$_printf_percent$$00000010)
    _printf_llx                              0x08000205   Thumb Code     0  _printf_llx.o(.ARM.Collect$$_printf_percent$$00000011)
    _printf_l                                0x0800020b   Thumb Code     0  _printf_l.o(.ARM.Collect$$_printf_percent$$00000012)
    _printf_c                                0x08000215   Thumb Code     0  _printf_c.o(.ARM.Collect$$_printf_percent$$00000013)
    _printf_s                                0x0800021b   Thumb Code     0  _printf_s.o(.ARM.Collect$$_printf_percent$$00000014)
    _printf_lc                               0x08000221   Thumb Code     0  _printf_lc.o(.ARM.Collect$$_printf_percent$$00000015)
    _printf_ls                               0x08000227   Thumb Code     0  _printf_ls.o(.ARM.Collect$$_printf_percent$$00000016)
    _printf_percent_end                      0x0800022d   Thumb Code     0  _printf_percent_end.o(.ARM.Collect$$_printf_percent$$00000017)
    __rt_lib_init                            0x08000231   Thumb Code     0  libinit.o(.ARM.Collect$$libinit$$00000000)
    __rt_lib_init_fp_1                       0x08000233   Thumb Code     0  libinit2.o(.ARM.Collect$$libinit$$00000002)
    __rt_lib_init_heap_1                     0x08000233   Thumb Code     0  libinit2.o(.ARM.Collect$$libinit$$0000000A)
    __rt_lib_init_lc_common                  0x08000233   Thumb Code     0  libinit2.o(.ARM.Collect$$libinit$$0000000F)
    __rt_lib_init_preinit_1                  0x08000233   Thumb Code     0  libinit2.o(.ARM.Collect$$libinit$$00000004)
    __rt_lib_init_rand_1                     0x08000233   Thumb Code     0  libinit2.o(.ARM.Collect$$libinit$$0000000E)
    __rt_lib_init_user_alloc_1               0x08000233   Thumb Code     0  libinit2.o(.ARM.Collect$$libinit$$0000000C)
    __rt_lib_init_lc_collate_1               0x08000239   Thumb Code     0  libinit2.o(.ARM.Collect$$libinit$$00000011)
    __rt_lib_init_lc_ctype_2                 0x08000239   Thumb Code     0  libinit2.o(.ARM.Collect$$libinit$$00000012)
    __rt_lib_init_lc_ctype_1                 0x08000245   Thumb Code     0  libinit2.o(.ARM.Collect$$libinit$$00000013)
    __rt_lib_init_lc_monetary_1              0x08000245   Thumb Code     0  libinit2.o(.ARM.Collect$$libinit$$00000015)
    __rt_lib_init_lc_numeric_2               0x08000245   Thumb Code     0  libinit2.o(.ARM.Collect$$libinit$$00000016)
    __rt_lib_init_alloca_1                   0x0800024f   Thumb Code     0  libinit2.o(.ARM.Collect$$libinit$$0000002E)
    __rt_lib_init_argv_1                     0x0800024f   Thumb Code     0  libinit2.o(.ARM.Collect$$libinit$$0000002C)
    __rt_lib_init_atexit_1                   0x0800024f   Thumb Code     0  libinit2.o(.ARM.Collect$$libinit$$0000001B)
    __rt_lib_init_clock_1                    0x0800024f   Thumb Code     0  libinit2.o(.ARM.Collect$$libinit$$00000021)
    __rt_lib_init_cpp_1                      0x0800024f   Thumb Code     0  libinit2.o(.ARM.Collect$$libinit$$00000032)
    __rt_lib_init_exceptions_1               0x0800024f   Thumb Code     0  libinit2.o(.ARM.Collect$$libinit$$00000030)
    __rt_lib_init_fp_trap_1                  0x0800024f   Thumb Code     0  libinit2.o(.ARM.Collect$$libinit$$0000001F)
    __rt_lib_init_getenv_1                   0x0800024f   Thumb Code     0  libinit2.o(.ARM.Collect$$libinit$$00000023)
    __rt_lib_init_lc_numeric_1               0x0800024f   Thumb Code     0  libinit2.o(.ARM.Collect$$libinit$$00000017)
    __rt_lib_init_lc_time_1                  0x0800024f   Thumb Code     0  libinit2.o(.ARM.Collect$$libinit$$00000019)
    __rt_lib_init_return                     0x0800024f   Thumb Code     0  libinit2.o(.ARM.Collect$$libinit$$00000033)
    __rt_lib_init_signal_1                   0x0800024f   Thumb Code     0  libinit2.o(.ARM.Collect$$libinit$$0000001D)
    __rt_lib_init_stdio_1                    0x0800024f   Thumb Code     0  libinit2.o(.ARM.Collect$$libinit$$00000025)
    __rt_lib_shutdown                        0x08000251   Thumb Code     0  libshutdown.o(.ARM.Collect$$libshutdown$$00000000)
    __rt_lib_shutdown_cpp_1                  0x08000253   Thumb Code     0  libshutdown2.o(.ARM.Collect$$libshutdown$$00000002)
    __rt_lib_shutdown_fp_trap_1              0x08000253   Thumb Code     0  libshutdown2.o(.ARM.Collect$$libshutdown$$00000007)
    __rt_lib_shutdown_heap_1                 0x08000253   Thumb Code     0  libshutdown2.o(.ARM.Collect$$libshutdown$$0000000F)
    __rt_lib_shutdown_return                 0x08000253   Thumb Code     0  libshutdown2.o(.ARM.Collect$$libshutdown$$00000010)
    __rt_lib_shutdown_signal_1               0x08000253   Thumb Code     0  libshutdown2.o(.ARM.Collect$$libshutdown$$0000000A)
    __rt_lib_shutdown_stdio_1                0x08000253   Thumb Code     0  libshutdown2.o(.ARM.Collect$$libshutdown$$00000004)
    __rt_lib_shutdown_user_alloc_1           0x08000253   Thumb Code     0  libshutdown2.o(.ARM.Collect$$libshutdown$$0000000C)
    __rt_entry                               0x08000255   Thumb Code     0  __rtentry.o(.ARM.Collect$$rtentry$$00000000)
    __rt_entry_presh_1                       0x08000255   Thumb Code     0  __rtentry2.o(.ARM.Collect$$rtentry$$00000002)
    __rt_entry_sh                            0x08000255   Thumb Code     0  __rtentry4.o(.ARM.Collect$$rtentry$$00000004)
    __rt_entry_li                            0x0800025b   Thumb Code     0  __rtentry2.o(.ARM.Collect$$rtentry$$0000000A)
    __rt_entry_postsh_1                      0x0800025b   Thumb Code     0  __rtentry2.o(.ARM.Collect$$rtentry$$00000009)
    __rt_entry_main                          0x0800025f   Thumb Code     0  __rtentry2.o(.ARM.Collect$$rtentry$$0000000D)
    __rt_entry_postli_1                      0x0800025f   Thumb Code     0  __rtentry2.o(.ARM.Collect$$rtentry$$0000000C)
    __rt_exit                                0x08000267   Thumb Code     0  rtexit.o(.ARM.Collect$$rtexit$$00000000)
    __rt_exit_ls                             0x08000269   Thumb Code     0  rtexit2.o(.ARM.Collect$$rtexit$$00000003)
    __rt_exit_prels_1                        0x08000269   Thumb Code     0  rtexit2.o(.ARM.Collect$$rtexit$$00000002)
    __rt_exit_exit                           0x0800026d   Thumb Code     0  rtexit2.o(.ARM.Collect$$rtexit$$00000004)
    SystemInit                               0x08000353   Thumb Code    78  system_stm32f10x.o(.text)
    SystemCoreClockUpdate                    0x080003a1   Thumb Code   142  system_stm32f10x.o(.text)
    Reset_Handler                            0x08000455   Thumb Code     8  startup_stm32f10x_md.o(.text)
    NMI_Handler                              0x0800045d   Thumb Code     2  startup_stm32f10x_md.o(.text)
    HardFault_Handler                        0x0800045f   Thumb Code     2  startup_stm32f10x_md.o(.text)
    MemManage_Handler                        0x08000461   Thumb Code     2  startup_stm32f10x_md.o(.text)
    BusFault_Handler                         0x08000463   Thumb Code     2  startup_stm32f10x_md.o(.text)
    UsageFault_Handler                       0x08000465   Thumb Code     2  startup_stm32f10x_md.o(.text)
    SVC_Handler                              0x08000467   Thumb Code     2  startup_stm32f10x_md.o(.text)
    DebugMon_Handler                         0x08000469   Thumb Code     2  startup_stm32f10x_md.o(.text)
    PendSV_Handler                           0x0800046b   Thumb Code     2  startup_stm32f10x_md.o(.text)
    SysTick_Handler                          0x0800046d   Thumb Code     2  startup_stm32f10x_md.o(.text)
    ADC1_2_IRQHandler                        0x0800046f   Thumb Code     0  startup_stm32f10x_md.o(.text)
    CAN1_RX1_IRQHandler                      0x0800046f   Thumb Code     0  startup_stm32f10x_md.o(.text)
    CAN1_SCE_IRQHandler                      0x0800046f   Thumb Code     0  startup_stm32f10x_md.o(.text)
    DMA1_Channel1_IRQHandler                 0x0800046f   Thumb Code     0  startup_stm32f10x_md.o(.text)
    DMA1_Channel2_IRQHandler                 0x0800046f   Thumb Code     0  startup_stm32f10x_md.o(.text)
    DMA1_Channel3_IRQHandler                 0x0800046f   Thumb Code     0  startup_stm32f10x_md.o(.text)
    DMA1_Channel4_IRQHandler                 0x0800046f   Thumb Code     0  startup_stm32f10x_md.o(.text)
    DMA1_Channel5_IRQHandler                 0x0800046f   Thumb Code     0  startup_stm32f10x_md.o(.text)
    DMA1_Channel6_IRQHandler                 0x0800046f   Thumb Code     0  startup_stm32f10x_md.o(.text)
    DMA1_Channel7_IRQHandler                 0x0800046f   Thumb Code     0  startup_stm32f10x_md.o(.text)
    EXTI0_IRQHandler                         0x0800046f   Thumb Code     0  startup_stm32f10x_md.o(.text)
    EXTI15_10_IRQHandler                     0x0800046f   Thumb Code     0  startup_stm32f10x_md.o(.text)
    EXTI1_IRQHandler                         0x0800046f   Thumb Code     0  startup_stm32f10x_md.o(.text)
    EXTI2_IRQHandler                         0x0800046f   Thumb Code     0  startup_stm32f10x_md.o(.text)
    EXTI3_IRQHandler                         0x0800046f   Thumb Code     0  startup_stm32f10x_md.o(.text)
    EXTI4_IRQHandler                         0x0800046f   Thumb Code     0  startup_stm32f10x_md.o(.text)
    FLASH_IRQHandler                         0x0800046f   Thumb Code     0  startup_stm32f10x_md.o(.text)
    I2C1_ER_IRQHandler                       0x0800046f   Thumb Code     0  startup_stm32f10x_md.o(.text)
    I2C1_EV_IRQHandler                       0x0800046f   Thumb Code     0  startup_stm32f10x_md.o(.text)
    I2C2_ER_IRQHandler                       0x0800046f   Thumb Code     0  startup_stm32f10x_md.o(.text)
    I2C2_EV_IRQHandler                       0x0800046f   Thumb Code     0  startup_stm32f10x_md.o(.text)
    PVD_IRQHandler                           0x0800046f   Thumb Code     0  startup_stm32f10x_md.o(.text)
    RCC_IRQHandler                           0x0800046f   Thumb Code     0  startup_stm32f10x_md.o(.text)
    RTCAlarm_IRQHandler                      0x0800046f   Thumb Code     0  startup_stm32f10x_md.o(.text)
    RTC_IRQHandler                           0x0800046f   Thumb Code     0  startup_stm32f10x_md.o(.text)
    SPI1_IRQHandler                          0x0800046f   Thumb Code     0  startup_stm32f10x_md.o(.text)
    SPI2_IRQHandler                          0x0800046f   Thumb Code     0  startup_stm32f10x_md.o(.text)
    TAMPER_IRQHandler                        0x0800046f   Thumb Code     0  startup_stm32f10x_md.o(.text)
    TIM1_BRK_IRQHandler                      0x0800046f   Thumb Code     0  startup_stm32f10x_md.o(.text)
    TIM1_CC_IRQHandler                       0x0800046f   Thumb Code     0  startup_stm32f10x_md.o(.text)
    TIM1_TRG_COM_IRQHandler                  0x0800046f   Thumb Code     0  startup_stm32f10x_md.o(.text)
    TIM1_UP_IRQHandler                       0x0800046f   Thumb Code     0  startup_stm32f10x_md.o(.text)
    TIM2_IRQHandler                          0x0800046f   Thumb Code     0  startup_stm32f10x_md.o(.text)
    TIM4_IRQHandler                          0x0800046f   Thumb Code     0  startup_stm32f10x_md.o(.text)
    USART2_IRQHandler                        0x0800046f   Thumb Code     0  startup_stm32f10x_md.o(.text)
    USART3_IRQHandler                        0x0800046f   Thumb Code     0  startup_stm32f10x_md.o(.text)
    USBWakeUp_IRQHandler                     0x0800046f   Thumb Code     0  startup_stm32f10x_md.o(.text)
    USB_HP_CAN1_TX_IRQHandler                0x0800046f   Thumb Code     0  startup_stm32f10x_md.o(.text)
    USB_LP_CAN1_RX0_IRQHandler               0x0800046f   Thumb Code     0  startup_stm32f10x_md.o(.text)
    WWDG_IRQHandler                          0x0800046f   Thumb Code     0  startup_stm32f10x_md.o(.text)
    __user_initial_stackheap                 0x08000471   Thumb Code     0  startup_stm32f10x_md.o(.text)
    delay_init                               0x08000495   Thumb Code    50  delay.o(.text)
    delay_us                                 0x080004c7   Thumb Code    72  delay.o(.text)
    delay_ms                                 0x0800050f   Thumb Code    72  delay.o(.text)
    NVIC_Configuration                       0x08000569   Thumb Code    12  sys.o(.text)
    GPIO_DeInit                              0x08000575   Thumb Code   172  stm32f10x_gpio.o(.text)
    GPIO_AFIODeInit                          0x08000621   Thumb Code    20  stm32f10x_gpio.o(.text)
    GPIO_Init                                0x08000635   Thumb Code   278  stm32f10x_gpio.o(.text)
    GPIO_StructInit                          0x0800074b   Thumb Code    16  stm32f10x_gpio.o(.text)
    GPIO_ReadInputDataBit                    0x0800075b   Thumb Code    18  stm32f10x_gpio.o(.text)
    GPIO_ReadInputData                       0x0800076d   Thumb Code     8  stm32f10x_gpio.o(.text)
    GPIO_ReadOutputDataBit                   0x08000775   Thumb Code    18  stm32f10x_gpio.o(.text)
    GPIO_ReadOutputData                      0x08000787   Thumb Code     8  stm32f10x_gpio.o(.text)
    GPIO_SetBits                             0x0800078f   Thumb Code     4  stm32f10x_gpio.o(.text)
    GPIO_ResetBits                           0x08000793   Thumb Code     4  stm32f10x_gpio.o(.text)
    GPIO_WriteBit                            0x08000797   Thumb Code    10  stm32f10x_gpio.o(.text)
    GPIO_Write                               0x080007a1   Thumb Code     4  stm32f10x_gpio.o(.text)
    GPIO_PinLockConfig                       0x080007a5   Thumb Code    18  stm32f10x_gpio.o(.text)
    GPIO_EventOutputConfig                   0x080007b7   Thumb Code    26  stm32f10x_gpio.o(.text)
    GPIO_EventOutputCmd                      0x080007d1   Thumb Code     6  stm32f10x_gpio.o(.text)
    GPIO_PinRemapConfig                      0x080007d7   Thumb Code   138  stm32f10x_gpio.o(.text)
    GPIO_EXTILineConfig                      0x08000861   Thumb Code    66  stm32f10x_gpio.o(.text)
    GPIO_ETH_MediaInterfaceConfig            0x080008a3   Thumb Code     8  stm32f10x_gpio.o(.text)
    RCC_DeInit                               0x080008d1   Thumb Code    64  stm32f10x_rcc.o(.text)
    RCC_HSEConfig                            0x08000911   Thumb Code    70  stm32f10x_rcc.o(.text)
    RCC_GetFlagStatus                        0x08000957   Thumb Code    56  stm32f10x_rcc.o(.text)
    RCC_WaitForHSEStartUp                    0x0800098f   Thumb Code    56  stm32f10x_rcc.o(.text)
    RCC_AdjustHSICalibrationValue            0x080009c7   Thumb Code    20  stm32f10x_rcc.o(.text)
    RCC_HSICmd                               0x080009db   Thumb Code     6  stm32f10x_rcc.o(.text)
    RCC_PLLConfig                            0x080009e1   Thumb Code    24  stm32f10x_rcc.o(.text)
    RCC_PLLCmd                               0x080009f9   Thumb Code     6  stm32f10x_rcc.o(.text)
    RCC_SYSCLKConfig                         0x080009ff   Thumb Code    18  stm32f10x_rcc.o(.text)
    RCC_GetSYSCLKSource                      0x08000a11   Thumb Code    10  stm32f10x_rcc.o(.text)
    RCC_HCLKConfig                           0x08000a1b   Thumb Code    18  stm32f10x_rcc.o(.text)
    RCC_PCLK1Config                          0x08000a2d   Thumb Code    18  stm32f10x_rcc.o(.text)
    RCC_PCLK2Config                          0x08000a3f   Thumb Code    20  stm32f10x_rcc.o(.text)
    RCC_ITConfig                             0x08000a53   Thumb Code    26  stm32f10x_rcc.o(.text)
    RCC_USBCLKConfig                         0x08000a6d   Thumb Code     8  stm32f10x_rcc.o(.text)
    RCC_ADCCLKConfig                         0x08000a75   Thumb Code    18  stm32f10x_rcc.o(.text)
    RCC_LSEConfig                            0x08000a87   Thumb Code    50  stm32f10x_rcc.o(.text)
    RCC_LSICmd                               0x08000ab9   Thumb Code     6  stm32f10x_rcc.o(.text)
    RCC_RTCCLKConfig                         0x08000abf   Thumb Code    12  stm32f10x_rcc.o(.text)
    RCC_RTCCLKCmd                            0x08000acb   Thumb Code     8  stm32f10x_rcc.o(.text)
    RCC_GetClocksFreq                        0x08000ad3   Thumb Code   192  stm32f10x_rcc.o(.text)
    RCC_AHBPeriphClockCmd                    0x08000b93   Thumb Code    26  stm32f10x_rcc.o(.text)
    RCC_APB2PeriphClockCmd                   0x08000bad   Thumb Code    26  stm32f10x_rcc.o(.text)
    RCC_APB1PeriphClockCmd                   0x08000bc7   Thumb Code    26  stm32f10x_rcc.o(.text)
    RCC_APB2PeriphResetCmd                   0x08000be1   Thumb Code    26  stm32f10x_rcc.o(.text)
    RCC_APB1PeriphResetCmd                   0x08000bfb   Thumb Code    26  stm32f10x_rcc.o(.text)
    RCC_BackupResetCmd                       0x08000c15   Thumb Code     8  stm32f10x_rcc.o(.text)
    RCC_ClockSecuritySystemCmd               0x08000c1d   Thumb Code     6  stm32f10x_rcc.o(.text)
    RCC_MCOConfig                            0x08000c23   Thumb Code     6  stm32f10x_rcc.o(.text)
    RCC_ClearFlag                            0x08000c29   Thumb Code    14  stm32f10x_rcc.o(.text)
    RCC_GetITStatus                          0x08000c37   Thumb Code    20  stm32f10x_rcc.o(.text)
    RCC_ClearITPendingBit                    0x08000c4b   Thumb Code     6  stm32f10x_rcc.o(.text)
    USART_DeInit                             0x08000c75   Thumb Code   134  stm32f10x_usart.o(.text)
    USART_Init                               0x08000cfb   Thumb Code   210  stm32f10x_usart.o(.text)
    USART_StructInit                         0x08000dcd   Thumb Code    24  stm32f10x_usart.o(.text)
    USART_ClockInit                          0x08000de5   Thumb Code    34  stm32f10x_usart.o(.text)
    USART_ClockStructInit                    0x08000e07   Thumb Code    12  stm32f10x_usart.o(.text)
    USART_Cmd                                0x08000e13   Thumb Code    24  stm32f10x_usart.o(.text)
    USART_ITConfig                           0x08000e2b   Thumb Code    74  stm32f10x_usart.o(.text)
    USART_DMACmd                             0x08000e75   Thumb Code    18  stm32f10x_usart.o(.text)
    USART_SetAddress                         0x08000e87   Thumb Code    18  stm32f10x_usart.o(.text)
    USART_WakeUpConfig                       0x08000e99   Thumb Code    18  stm32f10x_usart.o(.text)
    USART_ReceiverWakeUpCmd                  0x08000eab   Thumb Code    24  stm32f10x_usart.o(.text)
    USART_LINBreakDetectLengthConfig         0x08000ec3   Thumb Code    18  stm32f10x_usart.o(.text)
    USART_LINCmd                             0x08000ed5   Thumb Code    24  stm32f10x_usart.o(.text)
    USART_SendData                           0x08000eed   Thumb Code     8  stm32f10x_usart.o(.text)
    USART_ReceiveData                        0x08000ef5   Thumb Code    10  stm32f10x_usart.o(.text)
    USART_SendBreak                          0x08000eff   Thumb Code    10  stm32f10x_usart.o(.text)
    USART_SetGuardTime                       0x08000f09   Thumb Code    16  stm32f10x_usart.o(.text)
    USART_SetPrescaler                       0x08000f19   Thumb Code    16  stm32f10x_usart.o(.text)
    USART_SmartCardCmd                       0x08000f29   Thumb Code    24  stm32f10x_usart.o(.text)
    USART_SmartCardNACKCmd                   0x08000f41   Thumb Code    24  stm32f10x_usart.o(.text)
    USART_HalfDuplexCmd                      0x08000f59   Thumb Code    24  stm32f10x_usart.o(.text)
    USART_OverSampling8Cmd                   0x08000f71   Thumb Code    22  stm32f10x_usart.o(.text)
    USART_OneBitMethodCmd                    0x08000f87   Thumb Code    24  stm32f10x_usart.o(.text)
    USART_IrDAConfig                         0x08000f9f   Thumb Code    18  stm32f10x_usart.o(.text)
    USART_IrDACmd                            0x08000fb1   Thumb Code    24  stm32f10x_usart.o(.text)
    USART_GetFlagStatus                      0x08000fc9   Thumb Code    26  stm32f10x_usart.o(.text)
    USART_ClearFlag                          0x08000fe3   Thumb Code    18  stm32f10x_usart.o(.text)
    USART_GetITStatus                        0x08000ff5   Thumb Code    84  stm32f10x_usart.o(.text)
    USART_ClearITPendingBit                  0x08001049   Thumb Code    52  stm32f10x_usart.o(.text)
    NVIC_PriorityGroupConfig                 0x0800107d   Thumb Code    10  misc.o(.text)
    NVIC_Init                                0x08001087   Thumb Code   100  misc.o(.text)
    NVIC_SetVectorTable                      0x080010eb   Thumb Code    14  misc.o(.text)
    NVIC_SystemLPConfig                      0x080010f9   Thumb Code    34  misc.o(.text)
    SysTick_CLKSourceConfig                  0x0800111b   Thumb Code    40  misc.o(.text)
    Display                                  0x08001159   Thumb Code    58  main.o(.text)
    Send_SMS                                 0x08001193   Thumb Code   114  main.o(.text)
    Init_Component_IO                        0x08001205   Thumb Code   114  main.o(.text)
    main                                     0x08001277   Thumb Code  5844  main.o(.text)
    M_Forward                                0x0800294b   Thumb Code   498  main.o(.text)
    M_Backward                               0x08002b3d   Thumb Code   454  main.o(.text)
    Adc_Init                                 0x08002d03   Thumb Code   322  main.o(.text)
    Get_Adc                                  0x08002e45   Thumb Code    68  main.o(.text)
    WiFi_SendCmd                             0x08002e89   Thumb Code    84  main.o(.text)
    InitPort_Write_1602                      0x08002f19   Thumb Code    46  lcd1602.o(.text)
    delay                                    0x08002f47   Thumb Code    24  lcd1602.o(.text)
    LCD_Busy                                 0x08002f5f   Thumb Code   108  lcd1602.o(.text)
    WriteCommand                             0x08002fcb   Thumb Code   166  lcd1602.o(.text)
    WriteData                                0x08003071   Thumb Code   164  lcd1602.o(.text)
    Init_LCD1602                             0x08003115   Thumb Code    56  lcd1602.o(.text)
    DisplayChar                              0x0800314d   Thumb Code    42  lcd1602.o(.text)
    DisplayString                            0x08003177   Thumb Code    52  lcd1602.o(.text)
    TIM3_Int_Init                            0x080031b5   Thumb Code    90  timer.o(.text)
    TIM3_IRQHandler                          0x0800320f   Thumb Code   106  timer.o(.text)
    TIM_DeInit                               0x08003295   Thumb Code   424  stm32f10x_tim.o(.text)
    TIM_TimeBaseInit                         0x0800343d   Thumb Code   122  stm32f10x_tim.o(.text)
    TIM_OC1Init                              0x080034b7   Thumb Code   132  stm32f10x_tim.o(.text)
    TIM_OC2Init                              0x0800353b   Thumb Code   154  stm32f10x_tim.o(.text)
    TIM_OC3Init                              0x080035d5   Thumb Code   150  stm32f10x_tim.o(.text)
    TIM_OC4Init                              0x0800366b   Thumb Code   182  stm32f10x_tim.o(.text)
    TIM_SetIC4Prescaler                      0x08003721   Thumb Code    26  stm32f10x_tim.o(.text)
    TIM_SetIC3Prescaler                      0x080037bd   Thumb Code    18  stm32f10x_tim.o(.text)
    TIM_SetIC2Prescaler                      0x08003849   Thumb Code    26  stm32f10x_tim.o(.text)
    TIM_SetIC1Prescaler                      0x080038e5   Thumb Code    18  stm32f10x_tim.o(.text)
    TIM_ICInit                               0x08003963   Thumb Code   150  stm32f10x_tim.o(.text)
    TIM_PWMIConfig                           0x080039f9   Thumb Code   124  stm32f10x_tim.o(.text)
    TIM_BDTRConfig                           0x08003a75   Thumb Code    32  stm32f10x_tim.o(.text)
    TIM_TimeBaseStructInit                   0x08003a95   Thumb Code    18  stm32f10x_tim.o(.text)
    TIM_OCStructInit                         0x08003aa7   Thumb Code    20  stm32f10x_tim.o(.text)
    TIM_ICStructInit                         0x08003abb   Thumb Code    18  stm32f10x_tim.o(.text)
    TIM_BDTRStructInit                       0x08003acd   Thumb Code    40  stm32f10x_tim.o(.text)
    TIM_Cmd                                  0x08003af5   Thumb Code    24  stm32f10x_tim.o(.text)
    TIM_CtrlPWMOutputs                       0x08003b0d   Thumb Code    30  stm32f10x_tim.o(.text)
    TIM_ITConfig                             0x08003b2b   Thumb Code    18  stm32f10x_tim.o(.text)
    TIM_GenerateEvent                        0x08003b3d   Thumb Code     4  stm32f10x_tim.o(.text)
    TIM_DMAConfig                            0x08003b41   Thumb Code    10  stm32f10x_tim.o(.text)
    TIM_DMACmd                               0x08003b4b   Thumb Code    18  stm32f10x_tim.o(.text)
    TIM_InternalClockConfig                  0x08003b5d   Thumb Code    12  stm32f10x_tim.o(.text)
    TIM_SelectInputTrigger                   0x08003b69   Thumb Code    18  stm32f10x_tim.o(.text)
    TIM_ITRxExternalClockConfig              0x08003b7b   Thumb Code    24  stm32f10x_tim.o(.text)
    TIM_TIxExternalClockConfig               0x08003b93   Thumb Code    62  stm32f10x_tim.o(.text)
    TIM_ETRConfig                            0x08003bd1   Thumb Code    28  stm32f10x_tim.o(.text)
    TIM_ETRClockMode1Config                  0x08003bed   Thumb Code    54  stm32f10x_tim.o(.text)
    TIM_ETRClockMode2Config                  0x08003c23   Thumb Code    32  stm32f10x_tim.o(.text)
    TIM_PrescalerConfig                      0x08003c43   Thumb Code     6  stm32f10x_tim.o(.text)
    TIM_CounterModeConfig                    0x08003c49   Thumb Code    18  stm32f10x_tim.o(.text)
    TIM_EncoderInterfaceConfig               0x08003c5b   Thumb Code    66  stm32f10x_tim.o(.text)
    TIM_ForcedOC1Config                      0x08003c9d   Thumb Code    18  stm32f10x_tim.o(.text)
    TIM_ForcedOC2Config                      0x08003caf   Thumb Code    26  stm32f10x_tim.o(.text)
    TIM_ForcedOC3Config                      0x08003cc9   Thumb Code    18  stm32f10x_tim.o(.text)
    TIM_ForcedOC4Config                      0x08003cdb   Thumb Code    26  stm32f10x_tim.o(.text)
    TIM_ARRPreloadConfig                     0x08003cf5   Thumb Code    24  stm32f10x_tim.o(.text)
    TIM_SelectCOM                            0x08003d0d   Thumb Code    24  stm32f10x_tim.o(.text)
    TIM_SelectCCDMA                          0x08003d25   Thumb Code    24  stm32f10x_tim.o(.text)
    TIM_CCPreloadControl                     0x08003d3d   Thumb Code    24  stm32f10x_tim.o(.text)
    TIM_OC1PreloadConfig                     0x08003d55   Thumb Code    18  stm32f10x_tim.o(.text)
    TIM_OC2PreloadConfig                     0x08003d67   Thumb Code    26  stm32f10x_tim.o(.text)
    TIM_OC3PreloadConfig                     0x08003d81   Thumb Code    18  stm32f10x_tim.o(.text)
    TIM_OC4PreloadConfig                     0x08003d93   Thumb Code    26  stm32f10x_tim.o(.text)
    TIM_OC1FastConfig                        0x08003dad   Thumb Code    18  stm32f10x_tim.o(.text)
    TIM_OC2FastConfig                        0x08003dbf   Thumb Code    26  stm32f10x_tim.o(.text)
    TIM_OC3FastConfig                        0x08003dd9   Thumb Code    18  stm32f10x_tim.o(.text)
    TIM_OC4FastConfig                        0x08003deb   Thumb Code    26  stm32f10x_tim.o(.text)
    TIM_ClearOC1Ref                          0x08003e05   Thumb Code    18  stm32f10x_tim.o(.text)
    TIM_ClearOC2Ref                          0x08003e17   Thumb Code    24  stm32f10x_tim.o(.text)
    TIM_ClearOC3Ref                          0x08003e2f   Thumb Code    18  stm32f10x_tim.o(.text)
    TIM_ClearOC4Ref                          0x08003e41   Thumb Code    24  stm32f10x_tim.o(.text)
    TIM_OC1PolarityConfig                    0x08003e59   Thumb Code    18  stm32f10x_tim.o(.text)
    TIM_OC1NPolarityConfig                   0x08003e6b   Thumb Code    18  stm32f10x_tim.o(.text)
    TIM_OC2PolarityConfig                    0x08003e7d   Thumb Code    26  stm32f10x_tim.o(.text)
    TIM_OC2NPolarityConfig                   0x08003e97   Thumb Code    26  stm32f10x_tim.o(.text)
    TIM_OC3PolarityConfig                    0x08003eb1   Thumb Code    26  stm32f10x_tim.o(.text)
    TIM_OC3NPolarityConfig                   0x08003ecb   Thumb Code    26  stm32f10x_tim.o(.text)
    TIM_OC4PolarityConfig                    0x08003ee5   Thumb Code    26  stm32f10x_tim.o(.text)
    TIM_CCxCmd                               0x08003eff   Thumb Code    30  stm32f10x_tim.o(.text)
    TIM_CCxNCmd                              0x08003f1d   Thumb Code    30  stm32f10x_tim.o(.text)
    TIM_SelectOCxM                           0x08003f3b   Thumb Code    82  stm32f10x_tim.o(.text)
    TIM_UpdateDisableConfig                  0x08003f8d   Thumb Code    24  stm32f10x_tim.o(.text)
    TIM_UpdateRequestConfig                  0x08003fa5   Thumb Code    24  stm32f10x_tim.o(.text)
    TIM_SelectHallSensor                     0x08003fbd   Thumb Code    24  stm32f10x_tim.o(.text)
    TIM_SelectOnePulseMode                   0x08003fd5   Thumb Code    18  stm32f10x_tim.o(.text)
    TIM_SelectOutputTrigger                  0x08003fe7   Thumb Code    18  stm32f10x_tim.o(.text)
    TIM_SelectSlaveMode                      0x08003ff9   Thumb Code    18  stm32f10x_tim.o(.text)
    TIM_SelectMasterSlaveMode                0x0800400b   Thumb Code    18  stm32f10x_tim.o(.text)
    TIM_SetCounter                           0x0800401d   Thumb Code     4  stm32f10x_tim.o(.text)
    TIM_SetAutoreload                        0x08004021   Thumb Code     4  stm32f10x_tim.o(.text)
    TIM_SetCompare1                          0x08004025   Thumb Code     4  stm32f10x_tim.o(.text)
    TIM_SetCompare2                          0x08004029   Thumb Code     4  stm32f10x_tim.o(.text)
    TIM_SetCompare3                          0x0800402d   Thumb Code     4  stm32f10x_tim.o(.text)
    TIM_SetCompare4                          0x08004031   Thumb Code     6  stm32f10x_tim.o(.text)
    TIM_SetClockDivision                     0x08004037   Thumb Code    18  stm32f10x_tim.o(.text)
    TIM_GetCapture1                          0x08004049   Thumb Code     6  stm32f10x_tim.o(.text)
    TIM_GetCapture2                          0x0800404f   Thumb Code     6  stm32f10x_tim.o(.text)
    TIM_GetCapture3                          0x08004055   Thumb Code     6  stm32f10x_tim.o(.text)
    TIM_GetCapture4                          0x0800405b   Thumb Code     8  stm32f10x_tim.o(.text)
    TIM_GetCounter                           0x08004063   Thumb Code     6  stm32f10x_tim.o(.text)
    TIM_GetPrescaler                         0x08004069   Thumb Code     6  stm32f10x_tim.o(.text)
    TIM_GetFlagStatus                        0x0800406f   Thumb Code    18  stm32f10x_tim.o(.text)
    TIM_ClearFlag                            0x08004081   Thumb Code     6  stm32f10x_tim.o(.text)
    TIM_GetITStatus                          0x08004087   Thumb Code    34  stm32f10x_tim.o(.text)
    TIM_ClearITPendingBit                    0x080040a9   Thumb Code     6  stm32f10x_tim.o(.text)
    WriteRawRC                               0x080040eb   Thumb Code   320  rc522.o(.text)
    ReadRawRC                                0x0800422b   Thumb Code   306  rc522.o(.text)
    SetBitMask                               0x0800435d   Thumb Code    28  rc522.o(.text)
    ClearBitMask                             0x08004379   Thumb Code    28  rc522.o(.text)
    PcdComMF522                              0x08004395   Thumb Code   316  rc522.o(.text)
    PcdRequest                               0x080044d1   Thumb Code    84  rc522.o(.text)
    PcdAnticoll                              0x08004525   Thumb Code   112  rc522.o(.text)
    CalulateCRC                              0x08004595   Thumb Code   108  rc522.o(.text)
    PcdHalt                                  0x08004601   Thumb Code    52  rc522.o(.text)
    PcdReset                                 0x08004635   Thumb Code   120  rc522.o(.text)
    PcdAntennaOn                             0x080046ad   Thumb Code    26  rc522.o(.text)
    PcdAntennaOff                            0x080046c7   Thumb Code    12  rc522.o(.text)
    RC522_Init                               0x080046d3   Thumb Code    80  rc522.o(.text)
    EXTIX_Init                               0x0800472d   Thumb Code   116  exti.o(.text)
    EXTI9_5_IRQHandler                       0x080047a1   Thumb Code    18  exti.o(.text)
    EXTI_DeInit                              0x080047b9   Thumb Code    28  stm32f10x_exti.o(.text)
    EXTI_Init                                0x080047d5   Thumb Code   142  stm32f10x_exti.o(.text)
    EXTI_StructInit                          0x08004863   Thumb Code    16  stm32f10x_exti.o(.text)
    EXTI_GenerateSWInterrupt                 0x08004873   Thumb Code    16  stm32f10x_exti.o(.text)
    EXTI_GetFlagStatus                       0x08004883   Thumb Code    22  stm32f10x_exti.o(.text)
    EXTI_ClearFlag                           0x08004899   Thumb Code     8  stm32f10x_exti.o(.text)
    EXTI_GetITStatus                         0x080048a1   Thumb Code    34  stm32f10x_exti.o(.text)
    EXTI_ClearITPendingBit                   0x080048c3   Thumb Code     8  stm32f10x_exti.o(.text)
    Usart1_Init                              0x080048d5   Thumb Code   174  usart1.o(.text)
    u1_printf                                0x08004983   Thumb Code    84  usart1.o(.text)
    u1_TxData                                0x080049d7   Thumb Code    58  usart1.o(.text)
    USART1_IRQHandler                        0x08004a11   Thumb Code   134  usart1.o(.text)
    vsprintf                                 0x08004ab5   Thumb Code    32  vsprintf.o(.text)
    strstr                                   0x08004ad9   Thumb Code    36  strstr.o(.text)
    strlen                                   0x08004afd   Thumb Code    62  strlen.o(.text)
    __aeabi_memclr                           0x08004b3b   Thumb Code     0  rt_memclr.o(.text)
    __rt_memclr                              0x08004b3b   Thumb Code    68  rt_memclr.o(.text)
    _memset                                  0x08004b3f   Thumb Code     0  rt_memclr.o(.text)
    __use_two_region_memory                  0x08004b7f   Thumb Code     2  heapauxi.o(.text)
    __rt_heap_escrow$2region                 0x08004b81   Thumb Code     2  heapauxi.o(.text)
    __rt_heap_expand$2region                 0x08004b83   Thumb Code     2  heapauxi.o(.text)
    _printf_pre_padding                      0x08004b85   Thumb Code    44  _printf_pad.o(.text)
    _printf_post_padding                     0x08004bb1   Thumb Code    34  _printf_pad.o(.text)
    _printf_truncate_signed                  0x08004bd3   Thumb Code    18  _printf_truncate.o(.text)
    _printf_truncate_unsigned                0x08004be5   Thumb Code    18  _printf_truncate.o(.text)
    _printf_str                              0x08004bf7   Thumb Code    82  _printf_str.o(.text)
    _printf_int_dec                          0x08004c49   Thumb Code   104  _printf_dec.o(.text)
    _printf_charcount                        0x08004cc1   Thumb Code    40  _printf_charcount.o(.text)
    _printf_char_common                      0x08004cf3   Thumb Code    32  _printf_char_common.o(.text)
    _sputc                                   0x08004d19   Thumb Code    10  _sputc.o(.text)
    _printf_wctomb                           0x08004d25   Thumb Code   182  _printf_wctomb.o(.text)
    _printf_longlong_dec                     0x08004de1   Thumb Code   108  _printf_longlong_dec.o(.text)
    _printf_longlong_oct                     0x08004e5d   Thumb Code    66  _printf_oct_int_ll.o(.text)
    _printf_int_oct                          0x08004e9f   Thumb Code    24  _printf_oct_int_ll.o(.text)
    _printf_ll_oct                           0x08004eb7   Thumb Code    12  _printf_oct_int_ll.o(.text)
    _printf_longlong_hex                     0x08004ecd   Thumb Code    86  _printf_hex_int_ll_ptr.o(.text)
    _printf_int_hex                          0x08004f23   Thumb Code    28  _printf_hex_int_ll_ptr.o(.text)
    _printf_ll_hex                           0x08004f3f   Thumb Code    12  _printf_hex_int_ll_ptr.o(.text)
    _printf_hex_ptr                          0x08004f4b   Thumb Code    18  _printf_hex_int_ll_ptr.o(.text)
    __printf                                 0x08004f61   Thumb Code   388  __printf_flags_ss_wp.o(.text)
    __aeabi_memclr4                          0x080050e9   Thumb Code     0  rt_memclr_w.o(.text)
    __aeabi_memclr8                          0x080050e9   Thumb Code     0  rt_memclr_w.o(.text)
    __rt_memclr_w                            0x080050e9   Thumb Code    78  rt_memclr_w.o(.text)
    _memset_w                                0x080050ed   Thumb Code     0  rt_memclr_w.o(.text)
    _ll_udiv10                               0x08005137   Thumb Code   138  lludiv10.o(.text)
    _printf_int_common                       0x080051c1   Thumb Code   178  _printf_intcommon.o(.text)
    __lib_sel_fp_printf                      0x08005273   Thumb Code     2  _printf_fp_dec.o(.text)
    _printf_fp_dec_real                      0x08005425   Thumb Code   620  _printf_fp_dec.o(.text)
    _printf_fp_hex_real                      0x08005691   Thumb Code   756  _printf_fp_hex.o(.text)
    _printf_cs_common                        0x0800598d   Thumb Code    20  _printf_char.o(.text)
    _printf_char                             0x080059a1   Thumb Code    16  _printf_char.o(.text)
    _printf_string                           0x080059b1   Thumb Code     8  _printf_char.o(.text)
    _printf_lcs_common                       0x080059b9   Thumb Code    20  _printf_wchar.o(.text)
    _printf_wchar                            0x080059cd   Thumb Code    16  _printf_wchar.o(.text)
    _printf_wstring                          0x080059dd   Thumb Code     8  _printf_wchar.o(.text)
    _wcrtomb                                 0x080059e5   Thumb Code    64  _wcrtomb.o(.text)
    __user_setup_stackheap                   0x08005a25   Thumb Code    74  sys_stackheap_outer.o(.text)
    __rt_ctype_table                         0x08005a71   Thumb Code    16  rt_ctype_table.o(.text)
    __rt_locale                              0x08005a81   Thumb Code     8  rt_locale_intlibspace.o(.text)
    _printf_fp_infnan                        0x08005a89   Thumb Code   112  _printf_fp_infnan.o(.text)
    _btod_etento                             0x08005b09   Thumb Code   224  bigflt0.o(.text)
    exit                                     0x08005bed   Thumb Code    18  exit.o(.text)
    __user_libspace                          0x08005c01   Thumb Code     8  libspace.o(.text)
    __user_perproc_libspace                  0x08005c01   Thumb Code     0  libspace.o(.text)
    __user_perthread_libspace                0x08005c01   Thumb Code     0  libspace.o(.text)
    strcmp                                   0x08005c09   Thumb Code   128  strcmpv7m.o(.text)
    _sys_exit                                0x08005c89   Thumb Code     8  sys_exit.o(.text)
    __I$use$semihosting                      0x08005c95   Thumb Code     0  use_no_semi.o(.text)
    __use_no_semihosting_swi                 0x08005c95   Thumb Code     2  use_no_semi.o(.text)
    __semihosting_library_function           0x08005c97   Thumb Code     0  indicate_semi.o(.text)
    _btod_d2e                                0x08005c97   Thumb Code    62  btod.o(CL$$btod_d2e)
    _d2e_denorm_low                          0x08005cd5   Thumb Code    70  btod.o(CL$$btod_d2e_denorm_low)
    _d2e_norm_op1                            0x08005d1b   Thumb Code    96  btod.o(CL$$btod_d2e_norm_op1)
    __btod_div_common                        0x08005d7b   Thumb Code   696  btod.o(CL$$btod_div_common)
    _e2e                                     0x080060b3   Thumb Code   220  btod.o(CL$$btod_e2e)
    _btod_ediv                               0x0800618f   Thumb Code    42  btod.o(CL$$btod_ediv)
    _btod_emul                               0x080061b9   Thumb Code    42  btod.o(CL$$btod_emul)
    __btod_mult_common                       0x080061e3   Thumb Code   580  btod.o(CL$$btod_mult_common)
    __ARM_fpclassify                         0x08006427   Thumb Code    40  fpclassify.o(i.__ARM_fpclassify)
    _is_digit                                0x0800644f   Thumb Code    14  __printf_wp.o(i._is_digit)
    _get_lc_numeric                          0x0800645d   Thumb Code    44  lc_numeric_c.o(locale$$code)
    _get_lc_ctype                            0x08006489   Thumb Code    44  lc_ctype_c.o(locale$$code)
    __aeabi_ddiv                             0x080064b5   Thumb Code     0  ddiv.o(x$fpl$ddiv)
    _ddiv                                    0x080064b5   Thumb Code   552  ddiv.o(x$fpl$ddiv)
    __aeabi_d2uiz                            0x08006765   Thumb Code     0  dfixu.o(x$fpl$dfixu)
    _dfixu                                   0x08006765   Thumb Code    90  dfixu.o(x$fpl$dfixu)
    __aeabi_ui2d                             0x080067bf   Thumb Code     0  dflt_clz.o(x$fpl$dfltu)
    _dfltu                                   0x080067bf   Thumb Code    38  dflt_clz.o(x$fpl$dfltu)
    __aeabi_dmul                             0x080067e5   Thumb Code     0  dmul.o(x$fpl$dmul)
    _dmul                                    0x080067e5   Thumb Code   332  dmul.o(x$fpl$dmul)
    __fpl_dnaninf                            0x08006939   Thumb Code   156  dnaninf.o(x$fpl$dnaninf)
    __fpl_dretinf                            0x080069d5   Thumb Code    12  dretinf.o(x$fpl$dretinf)
    _printf_fp_dec                           0x080069e1   Thumb Code     4  printf1.o(x$fpl$printf1)
    _printf_fp_hex                           0x080069e5   Thumb Code     4  printf2.o(x$fpl$printf2)
    __I$use$fp                               0x080069e8   Number         0  usenofp.o(x$fpl$usenofp)
    Region$$Table$$Base                      0x08006ae4   Number         0  anon$$obj.o(Region$$Table)
    Region$$Table$$Limit                     0x08006b04   Number         0  anon$$obj.o(Region$$Table)
    __ctype                                  0x08006b2d   Data           0  lc_ctype_c.o(locale$$data)
    SystemCoreClock                          0x20000000   Data           4  system_stm32f10x.o(.data)
    AHBPrescTable                            0x20000004   Data          16  system_stm32f10x.o(.data)
    g_ucTempbuf                              0x2000002c   Data           4  main.o(.data)
    table                                    0x20000030   Data          17  main.o(.data)
    status                                   0x20000041   Data           1  main.o(.data)
    sms_phone1                               0x20000042   Data          12  main.o(.data)
    sms_phone2                               0x2000004e   Data          12  main.o(.data)
    sms_phone3                               0x2000005a   Data          12  main.o(.data)
    sms_phone4                               0x20000066   Data          12  main.o(.data)
    sms_phoneADMIN                           0x20000072   Data          12  main.o(.data)
    msg1                                     0x2000007e   Data          23  main.o(.data)
    msg2                                     0x20000095   Data          23  main.o(.data)
    msg3                                     0x200000ac   Data          23  main.o(.data)
    msg4                                     0x200000c3   Data          23  main.o(.data)
    Dis1                                     0x200000da   Data          17  main.o(.data)
    Dis2                                     0x200000eb   Data          17  main.o(.data)
    Disye                                    0x200000fc   Data          17  main.o(.data)
    Disje                                    0x2000010d   Data          17  main.o(.data)
    Dis3                                     0x2000011e   Data          17  main.o(.data)
    Step_QHCount                             0x2000012f   Data           1  main.o(.data)
    Car1Money                                0x20000130   Data           2  main.o(.data)
    Car2Money                                0x20000132   Data           2  main.o(.data)
    Car3Money                                0x20000134   Data           2  main.o(.data)
    Car4Money                                0x20000136   Data           2  main.o(.data)
    Card1_Flag                               0x20000138   Data           1  main.o(.data)
    Card2_Flag                               0x20000139   Data           1  main.o(.data)
    Card3_Flag                               0x2000013a   Data           1  main.o(.data)
    Card4_Flag                               0x2000013b   Data           1  main.o(.data)
    Pay_Money                                0x2000013c   Data           2  main.o(.data)
    Year                                     0x2000013e   Data           2  timer.o(.data)
    Month                                    0x20000140   Data           1  timer.o(.data)
    Day                                      0x20000141   Data           1  timer.o(.data)
    Hour                                     0x20000142   Data           1  timer.o(.data)
    Minute                                   0x20000143   Data           1  timer.o(.data)
    Second                                   0x20000144   Data           1  timer.o(.data)
    HPulse                                   0x20000145   Data           1  timer.o(.data)
    Second1                                  0x20000146   Data           1  timer.o(.data)
    Second2                                  0x20000147   Data           1  timer.o(.data)
    Second3                                  0x20000148   Data           1  timer.o(.data)
    Second4                                  0x20000149   Data           1  timer.o(.data)
    Card_Num                                 0x2000014b   Data           1  rc522.o(.data)
    Usart1_RxCompleted                       0x2000014c   Data           1  usart1.o(.data)
    Usart1_RxCounter                         0x20000150   Data           4  usart1.o(.data)
    Usart1_RxBuff                            0x20000158   Data        1024  usart1.o(.bss)
    Usart1_TxBuff                            0x20000558   Data        1024  usart1.o(.bss)
    __libspace_start                         0x20000958   Data          96  libspace.o(.bss)
    __temporary_stack_top$libspace           0x200009b8   Data           0  libspace.o(.bss)



==============================================================================

Memory Map of the image

  Image Entry point : 0x080000ed

  Load Region LR_IROM1 (Base: 0x08000000, Size: 0x00006d88, Max: 0x00020000, ABSOLUTE, COMPRESSED[0x00006cec])

    Execution Region ER_IROM1 (Exec base: 0x08000000, Load base: 0x08000000, Size: 0x00006c30, Max: 0x00020000, ABSOLUTE)

    Exec Addr    Load Addr    Size         Type   Attr      Idx    E Section Name        Object

    0x08000000   0x08000000   0x000000ec   Data   RO          116    RESET               startup_stm32f10x_md.o
    0x080000ec   0x080000ec   0x00000008   Code   RO          459  * !!!main             c_w.l(__main.o)
    0x080000f4   0x080000f4   0x00000034   Code   RO          804    !!!scatter          c_w.l(__scatter.o)
    0x08000128   0x08000128   0x0000005a   Code   RO          802    !!dczerorl2         c_w.l(__dczerorl2.o)
    0x08000182   0x08000182   0x00000002   PAD
    0x08000184   0x08000184   0x0000001c   Code   RO          806    !!handler_zi        c_w.l(__scatter_zi.o)
    0x080001a0   0x080001a0   0x00000000   Code   RO          559    .ARM.Collect$$_printf_percent$$00000000  c_w.l(_printf_percent.o)
    0x080001a0   0x080001a0   0x00000006   Code   RO          548    .ARM.Collect$$_printf_percent$$00000001  c_w.l(_printf_n.o)
    0x080001a6   0x080001a6   0x00000006   Code   RO          550    .ARM.Collect$$_printf_percent$$00000002  c_w.l(_printf_p.o)
    0x080001ac   0x080001ac   0x00000006   Code   RO          555    .ARM.Collect$$_printf_percent$$00000003  c_w.l(_printf_f.o)
    0x080001b2   0x080001b2   0x00000006   Code   RO          556    .ARM.Collect$$_printf_percent$$00000004  c_w.l(_printf_e.o)
    0x080001b8   0x080001b8   0x00000006   Code   RO          557    .ARM.Collect$$_printf_percent$$00000005  c_w.l(_printf_g.o)
    0x080001be   0x080001be   0x00000006   Code   RO          558    .ARM.Collect$$_printf_percent$$00000006  c_w.l(_printf_a.o)
    0x080001c4   0x080001c4   0x0000000a   Code   RO          563    .ARM.Collect$$_printf_percent$$00000007  c_w.l(_printf_ll.o)
    0x080001ce   0x080001ce   0x00000006   Code   RO          552    .ARM.Collect$$_printf_percent$$00000008  c_w.l(_printf_i.o)
    0x080001d4   0x080001d4   0x00000006   Code   RO          553    .ARM.Collect$$_printf_percent$$00000009  c_w.l(_printf_d.o)
    0x080001da   0x080001da   0x00000006   Code   RO          554    .ARM.Collect$$_printf_percent$$0000000A  c_w.l(_printf_u.o)
    0x080001e0   0x080001e0   0x00000006   Code   RO          551    .ARM.Collect$$_printf_percent$$0000000B  c_w.l(_printf_o.o)
    0x080001e6   0x080001e6   0x00000006   Code   RO          549    .ARM.Collect$$_printf_percent$$0000000C  c_w.l(_printf_x.o)
    0x080001ec   0x080001ec   0x00000006   Code   RO          560    .ARM.Collect$$_printf_percent$$0000000D  c_w.l(_printf_lli.o)
    0x080001f2   0x080001f2   0x00000006   Code   RO          561    .ARM.Collect$$_printf_percent$$0000000E  c_w.l(_printf_lld.o)
    0x080001f8   0x080001f8   0x00000006   Code   RO          562    .ARM.Collect$$_printf_percent$$0000000F  c_w.l(_printf_llu.o)
    0x080001fe   0x080001fe   0x00000006   Code   RO          567    .ARM.Collect$$_printf_percent$$00000010  c_w.l(_printf_llo.o)
    0x08000204   0x08000204   0x00000006   Code   RO          568    .ARM.Collect$$_printf_percent$$00000011  c_w.l(_printf_llx.o)
    0x0800020a   0x0800020a   0x0000000a   Code   RO          564    .ARM.Collect$$_printf_percent$$00000012  c_w.l(_printf_l.o)
    0x08000214   0x08000214   0x00000006   Code   RO          546    .ARM.Collect$$_printf_percent$$00000013  c_w.l(_printf_c.o)
    0x0800021a   0x0800021a   0x00000006   Code   RO          547    .ARM.Collect$$_printf_percent$$00000014  c_w.l(_printf_s.o)
    0x08000220   0x08000220   0x00000006   Code   RO          565    .ARM.Collect$$_printf_percent$$00000015  c_w.l(_printf_lc.o)
    0x08000226   0x08000226   0x00000006   Code   RO          566    .ARM.Collect$$_printf_percent$$00000016  c_w.l(_printf_ls.o)
    0x0800022c   0x0800022c   0x00000004   Code   RO          614    .ARM.Collect$$_printf_percent$$00000017  c_w.l(_printf_percent_end.o)
    0x08000230   0x08000230   0x00000002   Code   RO          663    .ARM.Collect$$libinit$$00000000  c_w.l(libinit.o)
    0x08000232   0x08000232   0x00000000   Code   RO          679    .ARM.Collect$$libinit$$00000002  c_w.l(libinit2.o)
    0x08000232   0x08000232   0x00000000   Code   RO          681    .ARM.Collect$$libinit$$00000004  c_w.l(libinit2.o)
    0x08000232   0x08000232   0x00000000   Code   RO          684    .ARM.Collect$$libinit$$0000000A  c_w.l(libinit2.o)
    0x08000232   0x08000232   0x00000000   Code   RO          686    .ARM.Collect$$libinit$$0000000C  c_w.l(libinit2.o)
    0x08000232   0x08000232   0x00000000   Code   RO          688    .ARM.Collect$$libinit$$0000000E  c_w.l(libinit2.o)
    0x08000232   0x08000232   0x00000006   Code   RO          689    .ARM.Collect$$libinit$$0000000F  c_w.l(libinit2.o)
    0x08000238   0x08000238   0x00000000   Code   RO          691    .ARM.Collect$$libinit$$00000011  c_w.l(libinit2.o)
    0x08000238   0x08000238   0x0000000c   Code   RO          692    .ARM.Collect$$libinit$$00000012  c_w.l(libinit2.o)
    0x08000244   0x08000244   0x00000000   Code   RO          693    .ARM.Collect$$libinit$$00000013  c_w.l(libinit2.o)
    0x08000244   0x08000244   0x00000000   Code   RO          695    .ARM.Collect$$libinit$$00000015  c_w.l(libinit2.o)
    0x08000244   0x08000244   0x0000000a   Code   RO          696    .ARM.Collect$$libinit$$00000016  c_w.l(libinit2.o)
    0x0800024e   0x0800024e   0x00000000   Code   RO          697    .ARM.Collect$$libinit$$00000017  c_w.l(libinit2.o)
    0x0800024e   0x0800024e   0x00000000   Code   RO          699    .ARM.Collect$$libinit$$00000019  c_w.l(libinit2.o)
    0x0800024e   0x0800024e   0x00000000   Code   RO          701    .ARM.Collect$$libinit$$0000001B  c_w.l(libinit2.o)
    0x0800024e   0x0800024e   0x00000000   Code   RO          703    .ARM.Collect$$libinit$$0000001D  c_w.l(libinit2.o)
    0x0800024e   0x0800024e   0x00000000   Code   RO          705    .ARM.Collect$$libinit$$0000001F  c_w.l(libinit2.o)
    0x0800024e   0x0800024e   0x00000000   Code   RO          707    .ARM.Collect$$libinit$$00000021  c_w.l(libinit2.o)
    0x0800024e   0x0800024e   0x00000000   Code   RO          709    .ARM.Collect$$libinit$$00000023  c_w.l(libinit2.o)
    0x0800024e   0x0800024e   0x00000000   Code   RO          711    .ARM.Collect$$libinit$$00000025  c_w.l(libinit2.o)
    0x0800024e   0x0800024e   0x00000000   Code   RO          715    .ARM.Collect$$libinit$$0000002C  c_w.l(libinit2.o)
    0x0800024e   0x0800024e   0x00000000   Code   RO          717    .ARM.Collect$$libinit$$0000002E  c_w.l(libinit2.o)
    0x0800024e   0x0800024e   0x00000000   Code   RO          719    .ARM.Collect$$libinit$$00000030  c_w.l(libinit2.o)
    0x0800024e   0x0800024e   0x00000000   Code   RO          721    .ARM.Collect$$libinit$$00000032  c_w.l(libinit2.o)
    0x0800024e   0x0800024e   0x00000002   Code   RO          722    .ARM.Collect$$libinit$$00000033  c_w.l(libinit2.o)
    0x08000250   0x08000250   0x00000002   Code   RO          742    .ARM.Collect$$libshutdown$$00000000  c_w.l(libshutdown.o)
    0x08000252   0x08000252   0x00000000   Code   RO          755    .ARM.Collect$$libshutdown$$00000002  c_w.l(libshutdown2.o)
    0x08000252   0x08000252   0x00000000   Code   RO          757    .ARM.Collect$$libshutdown$$00000004  c_w.l(libshutdown2.o)
    0x08000252   0x08000252   0x00000000   Code   RO          760    .ARM.Collect$$libshutdown$$00000007  c_w.l(libshutdown2.o)
    0x08000252   0x08000252   0x00000000   Code   RO          763    .ARM.Collect$$libshutdown$$0000000A  c_w.l(libshutdown2.o)
    0x08000252   0x08000252   0x00000000   Code   RO          765    .ARM.Collect$$libshutdown$$0000000C  c_w.l(libshutdown2.o)
    0x08000252   0x08000252   0x00000000   Code   RO          768    .ARM.Collect$$libshutdown$$0000000F  c_w.l(libshutdown2.o)
    0x08000252   0x08000252   0x00000002   Code   RO          769    .ARM.Collect$$libshutdown$$00000010  c_w.l(libshutdown2.o)
    0x08000254   0x08000254   0x00000000   Code   RO          477    .ARM.Collect$$rtentry$$00000000  c_w.l(__rtentry.o)
    0x08000254   0x08000254   0x00000000   Code   RO          585    .ARM.Collect$$rtentry$$00000002  c_w.l(__rtentry2.o)
    0x08000254   0x08000254   0x00000006   Code   RO          597    .ARM.Collect$$rtentry$$00000004  c_w.l(__rtentry4.o)
    0x0800025a   0x0800025a   0x00000000   Code   RO          587    .ARM.Collect$$rtentry$$00000009  c_w.l(__rtentry2.o)
    0x0800025a   0x0800025a   0x00000004   Code   RO          588    .ARM.Collect$$rtentry$$0000000A  c_w.l(__rtentry2.o)
    0x0800025e   0x0800025e   0x00000000   Code   RO          590    .ARM.Collect$$rtentry$$0000000C  c_w.l(__rtentry2.o)
    0x0800025e   0x0800025e   0x00000008   Code   RO          591    .ARM.Collect$$rtentry$$0000000D  c_w.l(__rtentry2.o)
    0x08000266   0x08000266   0x00000002   Code   RO          671    .ARM.Collect$$rtexit$$00000000  c_w.l(rtexit.o)
    0x08000268   0x08000268   0x00000000   Code   RO          724    .ARM.Collect$$rtexit$$00000002  c_w.l(rtexit2.o)
    0x08000268   0x08000268   0x00000004   Code   RO          725    .ARM.Collect$$rtexit$$00000003  c_w.l(rtexit2.o)
    0x0800026c   0x0800026c   0x00000006   Code   RO          726    .ARM.Collect$$rtexit$$00000004  c_w.l(rtexit2.o)
    0x08000272   0x08000272   0x00000002   PAD
    0x08000274   0x08000274   0x000001e0   Code   RO           17    .text               system_stm32f10x.o
    0x08000454   0x08000454   0x00000040   Code   RO          117    .text               startup_stm32f10x_md.o
    0x08000494   0x08000494   0x000000d4   Code   RO          121    .text               delay.o
    0x08000568   0x08000568   0x0000000c   Code   RO          145    .text               sys.o
    0x08000574   0x08000574   0x0000035c   Code   RO          157    .text               stm32f10x_gpio.o
    0x080008d0   0x080008d0   0x000003a4   Code   RO          169    .text               stm32f10x_rcc.o
    0x08000c74   0x08000c74   0x00000408   Code   RO          183    .text               stm32f10x_usart.o
    0x0800107c   0x0800107c   0x000000dc   Code   RO          195    .text               misc.o
    0x08001158   0x08001158   0x00001dc0   Code   RO          207    .text               main.o
    0x08002f18   0x08002f18   0x0000029c   Code   RO          259    .text               lcd1602.o
    0x080031b4   0x080031b4   0x000000e0   Code   RO          274    .text               timer.o
    0x08003294   0x08003294   0x00000e1a   Code   RO          292    .text               stm32f10x_tim.o
    0x080040ae   0x080040ae   0x00000002   PAD
    0x080040b0   0x080040b0   0x0000067c   Code   RO          304    .text               rc522.o
    0x0800472c   0x0800472c   0x0000008c   Code   RO          322    .text               exti.o
    0x080047b8   0x080047b8   0x0000011c   Code   RO          348    .text               stm32f10x_exti.o
    0x080048d4   0x080048d4   0x000001e0   Code   RO          420    .text               usart1.o
    0x08004ab4   0x08004ab4   0x00000024   Code   RO          449    .text               c_w.l(vsprintf.o)
    0x08004ad8   0x08004ad8   0x00000024   Code   RO          451    .text               c_w.l(strstr.o)
    0x08004afc   0x08004afc   0x0000003e   Code   RO          453    .text               c_w.l(strlen.o)
    0x08004b3a   0x08004b3a   0x00000044   Code   RO          455    .text               c_w.l(rt_memclr.o)
    0x08004b7e   0x08004b7e   0x00000006   Code   RO          457    .text               c_w.l(heapauxi.o)
    0x08004b84   0x08004b84   0x0000004e   Code   RO          480    .text               c_w.l(_printf_pad.o)
    0x08004bd2   0x08004bd2   0x00000024   Code   RO          482    .text               c_w.l(_printf_truncate.o)
    0x08004bf6   0x08004bf6   0x00000052   Code   RO          484    .text               c_w.l(_printf_str.o)
    0x08004c48   0x08004c48   0x00000078   Code   RO          486    .text               c_w.l(_printf_dec.o)
    0x08004cc0   0x08004cc0   0x00000028   Code   RO          488    .text               c_w.l(_printf_charcount.o)
    0x08004ce8   0x08004ce8   0x00000030   Code   RO          490    .text               c_w.l(_printf_char_common.o)
    0x08004d18   0x08004d18   0x0000000a   Code   RO          492    .text               c_w.l(_sputc.o)
    0x08004d22   0x08004d22   0x00000002   PAD
    0x08004d24   0x08004d24   0x000000bc   Code   RO          494    .text               c_w.l(_printf_wctomb.o)
    0x08004de0   0x08004de0   0x0000007c   Code   RO          497    .text               c_w.l(_printf_longlong_dec.o)
    0x08004e5c   0x08004e5c   0x00000070   Code   RO          503    .text               c_w.l(_printf_oct_int_ll.o)
    0x08004ecc   0x08004ecc   0x00000094   Code   RO          523    .text               c_w.l(_printf_hex_int_ll_ptr.o)
    0x08004f60   0x08004f60   0x00000188   Code   RO          543    .text               c_w.l(__printf_flags_ss_wp.o)
    0x080050e8   0x080050e8   0x0000004e   Code   RO          569    .text               c_w.l(rt_memclr_w.o)
    0x08005136   0x08005136   0x0000008a   Code   RO          599    .text               c_w.l(lludiv10.o)
    0x080051c0   0x080051c0   0x000000b2   Code   RO          601    .text               c_w.l(_printf_intcommon.o)
    0x08005272   0x08005272   0x0000041e   Code   RO          603    .text               c_w.l(_printf_fp_dec.o)
    0x08005690   0x08005690   0x000002fc   Code   RO          605    .text               c_w.l(_printf_fp_hex.o)
    0x0800598c   0x0800598c   0x0000002c   Code   RO          610    .text               c_w.l(_printf_char.o)
    0x080059b8   0x080059b8   0x0000002c   Code   RO          612    .text               c_w.l(_printf_wchar.o)
    0x080059e4   0x080059e4   0x00000040   Code   RO          615    .text               c_w.l(_wcrtomb.o)
    0x08005a24   0x08005a24   0x0000004a   Code   RO          617    .text               c_w.l(sys_stackheap_outer.o)
    0x08005a6e   0x08005a6e   0x00000002   PAD
    0x08005a70   0x08005a70   0x00000010   Code   RO          619    .text               c_w.l(rt_ctype_table.o)
    0x08005a80   0x08005a80   0x00000008   Code   RO          624    .text               c_w.l(rt_locale_intlibspace.o)
    0x08005a88   0x08005a88   0x00000080   Code   RO          626    .text               c_w.l(_printf_fp_infnan.o)
    0x08005b08   0x08005b08   0x000000e4   Code   RO          628    .text               c_w.l(bigflt0.o)
    0x08005bec   0x08005bec   0x00000012   Code   RO          656    .text               c_w.l(exit.o)
    0x08005bfe   0x08005bfe   0x00000002   PAD
    0x08005c00   0x08005c00   0x00000008   Code   RO          668    .text               c_w.l(libspace.o)
    0x08005c08   0x08005c08   0x00000080   Code   RO          676    .text               c_w.l(strcmpv7m.o)
    0x08005c88   0x08005c88   0x0000000c   Code   RO          734    .text               c_w.l(sys_exit.o)
    0x08005c94   0x08005c94   0x00000002   Code   RO          745    .text               c_w.l(use_no_semi.o)
    0x08005c96   0x08005c96   0x00000000   Code   RO          747    .text               c_w.l(indicate_semi.o)
    0x08005c96   0x08005c96   0x0000003e   Code   RO          631    CL$$btod_d2e        c_w.l(btod.o)
    0x08005cd4   0x08005cd4   0x00000046   Code   RO          633    CL$$btod_d2e_denorm_low  c_w.l(btod.o)
    0x08005d1a   0x08005d1a   0x00000060   Code   RO          632    CL$$btod_d2e_norm_op1  c_w.l(btod.o)
    0x08005d7a   0x08005d7a   0x00000338   Code   RO          641    CL$$btod_div_common  c_w.l(btod.o)
    0x080060b2   0x080060b2   0x000000dc   Code   RO          638    CL$$btod_e2e        c_w.l(btod.o)
    0x0800618e   0x0800618e   0x0000002a   Code   RO          635    CL$$btod_ediv       c_w.l(btod.o)
    0x080061b8   0x080061b8   0x0000002a   Code   RO          634    CL$$btod_emul       c_w.l(btod.o)
    0x080061e2   0x080061e2   0x00000244   Code   RO          640    CL$$btod_mult_common  c_w.l(btod.o)
    0x08006426   0x08006426   0x00000028   Code   RO          666    i.__ARM_fpclassify  m_ws.l(fpclassify.o)
    0x0800644e   0x0800644e   0x0000000e   Code   RO          536    i._is_digit         c_w.l(__printf_wp.o)
    0x0800645c   0x0800645c   0x0000002c   Code   RO          654    locale$$code        c_w.l(lc_numeric_c.o)
    0x08006488   0x08006488   0x0000002c   Code   RO          674    locale$$code        c_w.l(lc_ctype_c.o)
    0x080064b4   0x080064b4   0x000002b0   Code   RO          462    x$fpl$ddiv          fz_ws.l(ddiv.o)
    0x08006764   0x08006764   0x0000005a   Code   RO          465    x$fpl$dfixu         fz_ws.l(dfixu.o)
    0x080067be   0x080067be   0x00000026   Code   RO          469    x$fpl$dfltu         fz_ws.l(dflt_clz.o)
    0x080067e4   0x080067e4   0x00000154   Code   RO          475    x$fpl$dmul          fz_ws.l(dmul.o)
    0x08006938   0x08006938   0x0000009c   Code   RO          571    x$fpl$dnaninf       fz_ws.l(dnaninf.o)
    0x080069d4   0x080069d4   0x0000000c   Code   RO          573    x$fpl$dretinf       fz_ws.l(dretinf.o)
    0x080069e0   0x080069e0   0x00000004   Code   RO          575    x$fpl$printf1       fz_ws.l(printf1.o)
    0x080069e4   0x080069e4   0x00000004   Code   RO          577    x$fpl$printf2       fz_ws.l(printf2.o)
    0x080069e8   0x080069e8   0x00000000   Code   RO          583    x$fpl$usenofp       fz_ws.l(usenofp.o)
    0x080069e8   0x080069e8   0x00000008   Data   RO          495    .constdata          c_w.l(_printf_wctomb.o)
    0x080069f0   0x080069f0   0x00000028   Data   RO          524    .constdata          c_w.l(_printf_hex_int_ll_ptr.o)
    0x08006a18   0x08006a18   0x00000011   Data   RO          544    .constdata          c_w.l(__printf_flags_ss_wp.o)
    0x08006a29   0x08006a29   0x00000026   Data   RO          606    .constdata          c_w.l(_printf_fp_hex.o)
    0x08006a4f   0x08006a4f   0x00000001   PAD
    0x08006a50   0x08006a50   0x00000094   Data   RO          629    .constdata          c_w.l(bigflt0.o)
    0x08006ae4   0x08006ae4   0x00000020   Data   RO          800    Region$$Table       anon$$obj.o
    0x08006b04   0x08006b04   0x0000001c   Data   RO          653    locale$$data        c_w.l(lc_numeric_c.o)
    0x08006b20   0x08006b20   0x00000110   Data   RO          673    locale$$data        c_w.l(lc_ctype_c.o)


    Execution Region RW_IRAM1 (Exec base: 0x20000000, Load base: 0x08006c30, Size: 0x00000fb8, Max: 0x00005000, ABSOLUTE, COMPRESSED[0x000000bc])

    Exec Addr    Load Addr    Size         Type   Attr      Idx    E Section Name        Object

    0x20000000   COMPRESSED   0x00000014   Data   RW           18    .data               system_stm32f10x.o
    0x20000014   COMPRESSED   0x00000004   Data   RW          122    .data               delay.o
    0x20000018   COMPRESSED   0x00000014   Data   RW          170    .data               stm32f10x_rcc.o
    0x2000002c   COMPRESSED   0x00000112   Data   RW          208    .data               main.o
    0x2000013e   COMPRESSED   0x0000000d   Data   RW          275    .data               timer.o
    0x2000014b   COMPRESSED   0x00000001   Data   RW          305    .data               rc522.o
    0x2000014c   COMPRESSED   0x0000000a   Data   RW          422    .data               usart1.o
    0x20000156   COMPRESSED   0x00000002   PAD
    0x20000158        -       0x00000800   Zero   RW          421    .bss                usart1.o
    0x20000958        -       0x00000060   Zero   RW          669    .bss                c_w.l(libspace.o)
    0x200009b8        -       0x00000200   Zero   RW          115    HEAP                startup_stm32f10x_md.o
    0x20000bb8        -       0x00000400   Zero   RW          114    STACK               startup_stm32f10x_md.o


==============================================================================

Image component sizes


      Code (inc. data)   RO Data    RW Data    ZI Data      Debug   Object Name

         0          0          0          0          0       4564   core_cm3.o
       212         18          0          4          0       1031   delay.o
       140          6          0          0          0        736   exti.o
       668         10          0          0          0       2235   lcd1602.o
      7616        532          0        274          0       8855   main.o
       220         22          0          0          0       1741   misc.o
      1660         18          0          1          0       4920   rc522.o
        64         26        236          0       1536        792   startup_stm32f10x_md.o
       284         10          0          0          0       2203   stm32f10x_exti.o
       860         38          0          0          0       5673   stm32f10x_gpio.o
       932         36          0         20          0       8844   stm32f10x_rcc.o
      3610         88          0          0          0      22788   stm32f10x_tim.o
      1032         22          0          0          0       8400   stm32f10x_usart.o
        12          0          0          0          0        453   sys.o
       480         38          0         20          0     250783   system_stm32f10x.o
       224         28          0         13          0       1367   timer.o
       480         30          0         10       2048       2885   usart1.o

    ----------------------------------------------------------------------
     18496        922        268        344       3584     328270   Object Totals
         0          0         32          0          0          0   (incl. Generated)
         2          0          0          2          0          0   (incl. Padding)

    ----------------------------------------------------------------------

      Code (inc. data)   RO Data    RW Data    ZI Data      Debug   Library Member Name

        90          0          0          0          0          0   __dczerorl2.o
         8          0          0          0          0         68   __main.o
       392          4         17          0          0         92   __printf_flags_ss_wp.o
        14          0          0          0          0         68   __printf_wp.o
         0          0          0          0          0          0   __rtentry.o
        12          0          0          0          0          0   __rtentry2.o
         6          0          0          0          0          0   __rtentry4.o
        52          8          0          0          0          0   __scatter.o
        28          0          0          0          0          0   __scatter_zi.o
         6          0          0          0          0          0   _printf_a.o
         6          0          0          0          0          0   _printf_c.o
        44          0          0          0          0        108   _printf_char.o
        48          6          0          0          0         96   _printf_char_common.o
        40          0          0          0          0         68   _printf_charcount.o
         6          0          0          0          0          0   _printf_d.o
       120         16          0          0          0         92   _printf_dec.o
         6          0          0          0          0          0   _printf_e.o
         6          0          0          0          0          0   _printf_f.o
      1054          0          0          0          0        216   _printf_fp_dec.o
       764          8         38          0          0        100   _printf_fp_hex.o
       128         16          0          0          0         84   _printf_fp_infnan.o
         6          0          0          0          0          0   _printf_g.o
       148          4         40          0          0        160   _printf_hex_int_ll_ptr.o
         6          0          0          0          0          0   _printf_i.o
       178          0          0          0          0         88   _printf_intcommon.o
        10          0          0          0          0          0   _printf_l.o
         6          0          0          0          0          0   _printf_lc.o
        10          0          0          0          0          0   _printf_ll.o
         6          0          0          0          0          0   _printf_lld.o
         6          0          0          0          0          0   _printf_lli.o
         6          0          0          0          0          0   _printf_llo.o
         6          0          0          0          0          0   _printf_llu.o
         6          0          0          0          0          0   _printf_llx.o
       124         16          0          0          0         92   _printf_longlong_dec.o
         6          0          0          0          0          0   _printf_ls.o
         6          0          0          0          0          0   _printf_n.o
         6          0          0          0          0          0   _printf_o.o
       112         10          0          0          0        124   _printf_oct_int_ll.o
         6          0          0          0          0          0   _printf_p.o
        78          0          0          0          0        108   _printf_pad.o
         0          0          0          0          0          0   _printf_percent.o
         4          0          0          0          0          0   _printf_percent_end.o
         6          0          0          0          0          0   _printf_s.o
        82          0          0          0          0         80   _printf_str.o
        36          0          0          0          0         84   _printf_truncate.o
         6          0          0          0          0          0   _printf_u.o
        44          0          0          0          0        108   _printf_wchar.o
       188          6          8          0          0         92   _printf_wctomb.o
         6          0          0          0          0          0   _printf_x.o
        10          0          0          0          0         68   _sputc.o
        64          0          0          0          0         92   _wcrtomb.o
       228          4        148          0          0         96   bigflt0.o
      1936        128          0          0          0        672   btod.o
        18          0          0          0          0         80   exit.o
         6          0          0          0          0        152   heapauxi.o
         0          0          0          0          0          0   indicate_semi.o
        44         10        272          0          0         76   lc_ctype_c.o
        44         10         28          0          0         76   lc_numeric_c.o
         2          0          0          0          0          0   libinit.o
        30          0          0          0          0          0   libinit2.o
         2          0          0          0          0          0   libshutdown.o
         2          0          0          0          0          0   libshutdown2.o
         8          4          0          0         96         68   libspace.o
       138          0          0          0          0         80   lludiv10.o
        16          4          0          0          0         76   rt_ctype_table.o
         8          4          0          0          0         68   rt_locale_intlibspace.o
        68          0          0          0          0         68   rt_memclr.o
        78          0          0          0          0         80   rt_memclr_w.o
         2          0          0          0          0          0   rtexit.o
        10          0          0          0          0          0   rtexit2.o
       128          0          0          0          0         68   strcmpv7m.o
        62          0          0          0          0         76   strlen.o
        36          0          0          0          0         80   strstr.o
        12          4          0          0          0         68   sys_exit.o
        74          0          0          0          0         80   sys_stackheap_outer.o
         2          0          0          0          0         68   use_no_semi.o
        36          4          0          0          0         76   vsprintf.o
       688        140          0          0          0        208   ddiv.o
        90          4          0          0          0         92   dfixu.o
        38          0          0          0          0         68   dflt_clz.o
       340         12          0          0          0        104   dmul.o
       156          4          0          0          0         92   dnaninf.o
        12          0          0          0          0         68   dretinf.o
         4          0          0          0          0         68   printf1.o
         4          0          0          0          0         68   printf2.o
         0          0          0          0          0          0   usenofp.o
        40          0          0          0          0         68   fpclassify.o

    ----------------------------------------------------------------------
      8380        426        552          0         96       5032   Library Totals
        10          0          1          0          0          0   (incl. Padding)

    ----------------------------------------------------------------------

      Code (inc. data)   RO Data    RW Data    ZI Data      Debug   Library Name

      6998        266        551          0         96       4196   c_w.l
      1332        160          0          0          0        768   fz_ws.l
        40          0          0          0          0         68   m_ws.l

    ----------------------------------------------------------------------
      8380        426        552          0         96       5032   Library Totals

    ----------------------------------------------------------------------

==============================================================================


      Code (inc. data)   RO Data    RW Data    ZI Data      Debug   

     26876       1348        820        344       3680     329190   Grand Totals
     26876       1348        820        188       3680     329190   ELF Image Totals (compressed)
     26876       1348        820        188          0          0   ROM Totals

==============================================================================

    Total RO  Size (Code + RO Data)                27696 (  27.05kB)
    Total RW  Size (RW Data + ZI Data)              4024 (   3.93kB)
    Total ROM Size (Code + RO Data + RW Data)      27884 (  27.23kB)

==============================================================================

