<html>
<body>
<pre>
<h1>礦ision Build Log</h1>
<h2>Tool Versions:</h2>
IDE-Version: μVision V5.24.2.0
Copyright (C) 2017 ARM Ltd and ARM Germany GmbH. All rights reserved.
License Information: a admin, a, LIC=585FJ-UT31C-12ALE-5271E-TT55M-FU394
 
Tool Versions:
Toolchain:       MDK-ARM Plus  Version: 5.24.1
Toolchain Path:  D:\Development_Tool\Keil5\ARM\ARMCC\Bin
C Compiler:      Armcc.exe V5.06 update 5 (build 528)
Assembler:       Armasm.exe V5.06 update 5 (build 528)
Linker/Locator:  ArmLink.exe V5.06 update 5 (build 528)
Library Manager: ArmAr.exe V5.06 update 5 (build 528)
Hex Converter:   FromElf.exe V5.06 update 5 (build 528)
CPU DLL:         SARMCM3.DLL V5.24.1
Dialog DLL:      DARMSTM.DLL V1.68.0.0
Target DLL:      STLink\ST-LINKIII-KEIL_SWO.dll V3.0.1.0
Dialog DLL:      TARMSTM.DLL V1.66.0.0
 
<h2>Project:</h2>
D:\Development_Tool\Keil5\Project\智能泊车系统\程序\程序\Proj.uvproj
Project File Date:  04/12/2025

<h2>Output:</h2>
*** Using Compiler 'V5.06 update 5 (build 528)', folder: 'D:\Development_Tool\Keil5\ARM\ARMCC\Bin'
Build target 'Proj'
compiling main.c...
main.c(84): warning:  #1295-D: Deprecated declaration M_Backward - give arg types
  void M_Backward();//向后转动
main.c(85): warning:  #1295-D: Deprecated declaration M_Forward - give arg types
  void M_Forward();//向前转动
main.c(115): warning:  #177-D: variable "num"  was declared but never referenced
  	u16 num = 0;
main.c(117): warning:  #177-D: variable "System_Run_Count"  was declared but never referenced
  	u8 System_Run_Count = 0;//系统运行计数。多次记录，看卡是否存在
main.c(1234): warning:  #1-D: last line of file ends without a newline
  }
main.c: 5 warnings, 0 errors
linking...
Program Size: Code=26876 RO-data=820 RW-data=344 ZI-data=3680  
FromELF: creating hex file...
".\Obj\Proj.axf" - 0 Error(s), 5 Warning(s).
Build Time Elapsed:  00:00:01
</pre>
</body>
</html>
