<html>
<body>
<pre>
<h1>礦ision Build Log</h1>
<h2>Tool Versions:</h2>
IDE-Version: μVision V5.20.0.0
Copyright (C) 2016 ARM Ltd and ARM Germany GmbH. All rights reserved.
License Information: Du Du, Du, LIC=WHYH9-4GV5H-63UMB-28JBI-QX6RM-2NU9H
 
Tool Versions:
Toolchain:       MDK-ARM Plus  Version: 5.20
Toolchain Path:  D:\Program Files\Keil5\ARM\ARMCC\Bin
C Compiler:      Armcc.exe V5.06 update 2 (build 183)
Assembler:       Armasm.exe V5.06 update 2 (build 183)
Linker/Locator:  ArmLink.exe V5.06 update 2 (build 183)
Library Manager: ArmAr.exe V5.06 update 2 (build 183)
Hex Converter:   FromElf.exe V5.06 update 2 (build 183)
CPU DLL:         SARMCM3.DLL V5.20
Dialog DLL:      DARMSTM.DLL V1.66.0.0
Target DLL:      STLink\ST-LINKIII-KEIL_SWO.dll V2.0.18.0
Dialog DLL:      TARMSTM.DLL V1.65.0.0
 
<h2>Project:</h2>
E:\My_Design\电子设计\★已经整理好的设计★\D1497-基于STM32和RFID的智能立体车库计费与控制系统\程序\Proj.uvproj
Project File Date:  05/08/2022

<h2>Output:</h2>
*** Using Compiler 'V5.06 update 2 (build 183)', folder: 'D:\Program Files\Keil5\ARM\ARMCC\Bin'
Build target 'Proj'
compiling main.c...
main.c(68): warning:  #1295-D: Deprecated declaration M_Backward - give arg types
  void M_Backward();//?蚝?转动
main.c(69): warning:  #1295-D: Deprecated declaration M_Forward - give arg types
  void M_Forward();//??前转动
main.c(96): warning:  #177-D: variable "num" was declared but never referenced
  	u16 num = 0;
main.c(98): warning:  #177-D: variable "System_Run_Count" was declared but never referenced
  	u8 System_Run_Count = 0;//系统???屑??６啻渭?录，看卡?欠翊???
main.c: 4 warnings, 0 errors
linking...
Program Size: Code=18064 RO-data=268 RW-data=180 ZI-data=1636  
FromELF: creating hex file...
".\Obj\Proj.axf" - 0 Error(s), 4 Warning(s).
Build Time Elapsed:  00:00:01
</pre>
</body>
</html>
